Component: ARM Compiler 5.06 update 7 (build 960) Tool: armlink [4d3601]

==============================================================================

Section Cross References

    main.o(i.main) refers to misc.o(i.NVIC_PriorityGroupConfig) for NVIC_PriorityGroupConfig
    main.o(i.main) refers to delay.o(i.delay_init) for delay_init
    main.o(i.main) refers to usart.o(i.uart_init) for uart_init
    main.o(i.main) refers to led.o(i.LED_Init) for LED_Init
    main.o(i.main) refers to key.o(i.KEY_Init) for KEY_Init
    main.o(i.main) refers to beep.o(i.BEEP_Init) for BEEP_Init
    main.o(i.main) refers to iwdg.o(i.IWDG_Init) for IWDG_Init
    main.o(i.main) refers to freertos_demo.o(i.freertos_demo) for freertos_demo
    system_stm32f10x.o(i.SetSysClock) refers to system_stm32f10x.o(i.SetSysClockTo72) for SetSysClockTo72
    system_stm32f10x.o(i.SystemCoreClockUpdate) refers to system_stm32f10x.o(.data) for SystemCoreClock
    system_stm32f10x.o(i.SystemInit) refers to system_stm32f10x.o(i.SetSysClock) for SetSysClock
    freertos_demo.o(i.CommandProcess) refers to strcmpv7m.o(.text) for strcmp
    freertos_demo.o(i.TASK1) refers to _printf_percent.o(.ARM.Collect$$_printf_percent$$00000000) for _printf_percent
    freertos_demo.o(i.TASK1) refers to _printf_s.o(.ARM.Collect$$_printf_percent$$00000014) for _printf_s
    freertos_demo.o(i.TASK1) refers to _printf_str.o(.text) for _printf_str
    freertos_demo.o(i.TASK1) refers to _printf_d.o(.ARM.Collect$$_printf_percent$$00000009) for _printf_d
    freertos_demo.o(i.TASK1) refers to _printf_dec.o(.text) for _printf_int_dec
    freertos_demo.o(i.TASK1) refers to queue.o(i.xQueueSemaphoreTake) for xQueueSemaphoreTake
    freertos_demo.o(i.TASK1) refers to noretval__2printf.o(.text) for __2printf
    freertos_demo.o(i.TASK1) refers to crc.o(i.crc16Modbus) for crc16Modbus
    freertos_demo.o(i.TASK1) refers to malloc.o(i.myrealloc) for myrealloc
    freertos_demo.o(i.TASK1) refers to queue.o(i.xQueueGenericSend) for xQueueGenericSend
    freertos_demo.o(i.TASK1) refers to malloc.o(i.myfree) for myfree
    freertos_demo.o(i.TASK1) refers to freertos_demo.o(.data) for DMAdone
    freertos_demo.o(i.TASK1) refers to usart.o(.data) for ReceBuff
    freertos_demo.o(i.TASK2) refers to _printf_percent.o(.ARM.Collect$$_printf_percent$$00000000) for _printf_percent
    freertos_demo.o(i.TASK2) refers to _printf_s.o(.ARM.Collect$$_printf_percent$$00000014) for _printf_s
    freertos_demo.o(i.TASK2) refers to _printf_str.o(.text) for _printf_str
    freertos_demo.o(i.TASK2) refers to _printf_d.o(.ARM.Collect$$_printf_percent$$00000009) for _printf_d
    freertos_demo.o(i.TASK2) refers to _printf_dec.o(.text) for _printf_int_dec
    freertos_demo.o(i.TASK2) refers to queue.o(i.xQueueReceive) for xQueueReceive
    freertos_demo.o(i.TASK2) refers to noretval__2printf.o(.text) for __2printf
    freertos_demo.o(i.TASK2) refers to malloc.o(i.mymalloc) for mymalloc
    freertos_demo.o(i.TASK2) refers to noretval__2sprintf.o(.text) for __2sprintf
    freertos_demo.o(i.TASK2) refers to freertos_demo.o(i.LowerToCap) for LowerToCap
    freertos_demo.o(i.TASK2) refers to freertos_demo.o(i.CommandProcess) for CommandProcess
    freertos_demo.o(i.TASK2) refers to malloc.o(i.myfree) for myfree
    freertos_demo.o(i.TASK2) refers to freertos_demo.o(.data) for DMA_queue
    freertos_demo.o(i.TASK2) refers to usart.o(.data) for Datalen
    freertos_demo.o(i.TASK3) refers to event_groups.o(i.xEventGroupCreate) for xEventGroupCreate
    freertos_demo.o(i.TASK3) refers to noretval__2printf.o(.text) for __2printf
    freertos_demo.o(i.TASK3) refers to event_groups.o(i.xEventGroupWaitBits) for xEventGroupWaitBits
    freertos_demo.o(i.TASK3) refers to iwdg.o(i.IWDG_Feed) for IWDG_Feed
    freertos_demo.o(i.TASK3) refers to event_groups.o(i.xEventGroupSetBits) for xEventGroupSetBits
    freertos_demo.o(i.TASK3) refers to freertos_demo.o(.data) for xCreatedEventGroup
    freertos_demo.o(i.TASK3) refers to usart.o(.data) for DMA_IWDG
    freertos_demo.o(i.freertos_demo) refers to queue.o(i.xQueueGenericCreate) for xQueueGenericCreate
    freertos_demo.o(i.freertos_demo) refers to noretval__2printf.o(.text) for __2printf
    freertos_demo.o(i.freertos_demo) refers to tasks.o(i.xTaskCreate) for xTaskCreate
    freertos_demo.o(i.freertos_demo) refers to tasks.o(i.vTaskStartScheduler) for vTaskStartScheduler
    freertos_demo.o(i.freertos_demo) refers to freertos_demo.o(.data) for DMA_queue
    freertos_demo.o(i.freertos_demo) refers to freertos_demo.o(i.start_task) for start_task
    freertos_demo.o(i.start_task) refers to port.o(i.vPortEnterCritical) for vPortEnterCritical
    freertos_demo.o(i.start_task) refers to queue.o(i.xQueueGenericCreate) for xQueueGenericCreate
    freertos_demo.o(i.start_task) refers to tasks.o(i.xTaskCreate) for xTaskCreate
    freertos_demo.o(i.start_task) refers to tasks.o(i.vTaskDelete) for vTaskDelete
[...]
    i.NVIC_PriorityGroupConfig               0x08000e3c   Section        0  misc.o(i.NVIC_PriorityGroupConfig)
    i.RCC_AHBPeriphClockCmd                  0x08000e50   Section        0  stm32f10x_rcc.o(i.RCC_AHBPeriphClockCmd)
    i.RCC_APB2PeriphClockCmd                 0x08000e70   Section        0  stm32f10x_rcc.o(i.RCC_APB2PeriphClockCmd)
    i.RCC_GetClocksFreq                      0x08000e90   Section        0  stm32f10x_rcc.o(i.RCC_GetClocksFreq)
    i.SetSysClock                            0x08000f64   Section        0  system_stm32f10x.o(i.SetSysClock)
    SetSysClock                              0x08000f65   Thumb Code     8  system_stm32f10x.o(i.SetSysClock)
    i.SetSysClockTo72                        0x08000f6c   Section        0  system_stm32f10x.o(i.SetSysClockTo72)
    SetSysClockTo72                          0x08000f6d   Thumb Code   214  system_stm32f10x.o(i.SetSysClockTo72)
    i.SysTick_CLKSourceConfig                0x0800104c   Section        0  misc.o(i.SysTick_CLKSourceConfig)
    i.SysTick_Handler                        0x08001074   Section        0  delay.o(i.SysTick_Handler)
    i.SystemInit                             0x08001084   Section        0  system_stm32f10x.o(i.SystemInit)
    i.TASK1                                  0x080010e4   Section        0  freertos_demo.o(i.TASK1)
    i.TASK2                                  0x08001234   Section        0  freertos_demo.o(i.TASK2)
    i.TASK3                                  0x08001380   Section        0  freertos_demo.o(i.TASK3)
    i.USART1_IRQHandler                      0x080013e4   Section        0  usart.o(i.USART1_IRQHandler)
    i.USART_Cmd                              0x080014ac   Section        0  stm32f10x_usart.o(i.USART_Cmd)
    i.USART_DMACmd                           0x080014c4   Section        0  stm32f10x_usart.o(i.USART_DMACmd)
    i.USART_GetITStatus                      0x080014d6   Section        0  stm32f10x_usart.o(i.USART_GetITStatus)
    i.USART_ITConfig                         0x0800152a   Section        0  stm32f10x_usart.o(i.USART_ITConfig)
    i.USART_Init                             0x08001574   Section        0  stm32f10x_usart.o(i.USART_Init)
    i.USART_ReceiveData                      0x0800164c   Section        0  stm32f10x_usart.o(i.USART_ReceiveData)
    i.UsageFault_Handler                     0x08001656   Section        0  stm32f10x_it.o(i.UsageFault_Handler)
    i._sys_exit                              0x0800165a   Section        0  usart.o(i._sys_exit)
    i.crc16Modbus                            0x0800165e   Section        0  crc.o(i.crc16Modbus)
    i.delay_init                             0x080016b0   Section        0  delay.o(i.delay_init)
    i.fputc                                  0x0800170c   Section        0  usart.o(i.fputc)
    i.freertos_demo                          0x08001728   Section        0  freertos_demo.o(i.freertos_demo)
    i.main                                   0x080017b0   Section        0  main.o(i.main)
    i.my_mem_free                            0x080017e4   Section        0  malloc.o(i.my_mem_free)
    i.my_mem_init                            0x08001850   Section        0  malloc.o(i.my_mem_init)
    i.my_mem_malloc                          0x08001894   Section        0  malloc.o(i.my_mem_malloc)
    i.my_mem_perused                         0x0800193c   Section        0  malloc.o(i.my_mem_perused)
    i.myfree                                 0x0800197c   Section        0  malloc.o(i.myfree)
    i.mymalloc                               0x080019a0   Section        0  malloc.o(i.mymalloc)
    i.mymemcpy                               0x080019c8   Section        0  malloc.o(i.mymemcpy)
    i.mymemset                               0x080019e2   Section        0  malloc.o(i.mymemset)
    i.myrealloc                              0x080019f8   Section        0  malloc.o(i.myrealloc)
    i.prvAddCurrentTaskToDelayedList         0x08001a3c   Section        0  tasks.o(i.prvAddCurrentTaskToDelayedList)
    prvAddCurrentTaskToDelayedList           0x08001a3d   Thumb Code   174  tasks.o(i.prvAddCurrentTaskToDelayedList)
    i.prvAddNewTaskToReadyList               0x08001b08   Section        0  tasks.o(i.prvAddNewTaskToReadyList)
    prvAddNewTaskToReadyList                 0x08001b09   Thumb Code   206  tasks.o(i.prvAddNewTaskToReadyList)
    i.prvCheckForValidListAndQueue           0x08001bf4   Section        0  timers.o(i.prvCheckForValidListAndQueue)
    prvCheckForValidListAndQueue             0x08001bf5   Thumb Code    72  timers.o(i.prvCheckForValidListAndQueue)
    i.prvCheckTasksWaitingTermination        0x08001c58   Section        0  tasks.o(i.prvCheckTasksWaitingTermination)
    prvCheckTasksWaitingTermination          0x08001c59   Thumb Code    60  tasks.o(i.prvCheckTasksWaitingTermination)
    i.prvCopyDataFromQueue                   0x08001ca0   Section        0  queue.o(i.prvCopyDataFromQueue)
    prvCopyDataFromQueue                     0x08001ca1   Thumb Code    42  queue.o(i.prvCopyDataFromQueue)
    i.prvCopyDataToQueue                     0x08001cca   Section        0  queue.o(i.prvCopyDataToQueue)
    prvCopyDataToQueue                       0x08001ccb   Thumb Code   126  queue.o(i.prvCopyDataToQueue)
    i.prvDeleteTCB                           0x08001d48   Section        0  tasks.o(i.prvDeleteTCB)
    prvDeleteTCB                             0x08001d49   Thumb Code    18  tasks.o(i.prvDeleteTCB)
    i.prvGetDisinheritPriorityAfterTimeout   0x08001d5a   Section        0  queue.o(i.prvGetDisinheritPriorityAfterTimeout)
    prvGetDisinheritPriorityAfterTimeout     0x08001d5b   Thumb Code    20  queue.o(i.prvGetDisinheritPriorityAfterTimeout)
    i.prvGetNextExpireTime                   0x08001d70   Section        0  timers.o(i.prvGetNextExpireTime)
    prvGetNextExpireTime                     0x08001d71   Thumb Code    36  timers.o(i.prvGetNextExpireTime)
    i.prvHeapInit                            0x08001d98   Section        0  heap_4.o(i.prvHeapInit)
    prvHeapInit                              0x08001d99   Thumb Code    98  heap_4.o(i.prvHeapInit)
    i.prvIdleTask                            0x08001e14   Section        0  tasks.o(i.prvIdleTask)
    prvIdleTask                              0x08001e15   Thumb Code    32  tasks.o(i.prvIdleTask)
    i.prvInitialiseNewQueue                  0x08001e3c   Section        0  queue.o(i.prvInitialiseNewQueue)
    prvInitialiseNewQueue                    0x08001e3d   Thumb Code    46  queue.o(i.prvInitialiseNewQueue)
    i.prvInitialiseNewTask                   0x08001e6c   Section        0  tasks.o(i.prvInitialiseNewTask)
    prvInitialiseNewTask                     0x08001e6d   Thumb Code   208  tasks.o(i.prvInitialiseNewTask)
    i.prvInitialiseTaskLists                 0x08001f60   Section        0  tasks.o(i.prvInitialiseTaskLists)
    prvInitialiseTaskLists                   0x08001f61   Thumb Code    70  tasks.o(i.prvInitialiseTaskLists)
    i.prvInsertBlockIntoFreeList             0x08001fc8   Section        0  heap_4.o(i.prvInsertBlockIntoFreeList)
    prvInsertBlockIntoFreeList               0x08001fc9   Thumb Code    96  heap_4.o(i.prvInsertBlockIntoFreeList)
    i.prvInsertTimerInActiveList             0x08002030   Section        0  timers.o(i.prvInsertTimerInActiveList)
    prvInsertTimerInActiveList               0x08002031   Thumb Code    80  timers.o(i.prvInsertTimerInActiveList)
    i.prvIsQueueEmpty                        0x08002088   Section        0  queue.o(i.prvIsQueueEmpty)
    prvIsQueueEmpty                          0x08002089   Thumb Code    26  queue.o(i.prvIsQueueEmpty)
    i.prvIsQueueFull                         0x080020a2   Section        0  queue.o(i.prvIsQueueFull)
    prvIsQueueFull                           0x080020a3   Thumb Code    30  queue.o(i.prvIsQueueFull)
    i.prvNotifyQueueSetContainer             0x080020c0   Section        0  queue.o(i.prvNotifyQueueSetContainer)
    prvNotifyQueueSetContainer               0x080020c1   Thumb Code   142  queue.o(i.prvNotifyQueueSetContainer)
    i.prvProcessExpiredTimer                 0x08002174   Section        0  timers.o(i.prvProcessExpiredTimer)
    prvProcessExpiredTimer                   0x08002175   Thumb Code    62  timers.o(i.prvProcessExpiredTimer)
    i.prvProcessReceivedCommands             0x080021b8   Section        0  timers.o(i.prvProcessReceivedCommands)
    prvProcessReceivedCommands               0x080021b9   Thumb Code   306  timers.o(i.prvProcessReceivedCommands)
    i.prvProcessTimerOrBlockTask             0x08002318   Section        0  timers.o(i.prvProcessTimerOrBlockTask)
    prvProcessTimerOrBlockTask               0x08002319   Thumb Code   102  timers.o(i.prvProcessTimerOrBlockTask)
    i.prvReloadTimer                         0x0800238c   Section        0  timers.o(i.prvReloadTimer)
    prvReloadTimer                           0x0800238d   Thumb Code    40  timers.o(i.prvReloadTimer)
    i.prvResetNextTaskUnblockTime            0x080023b4   Section        0  tasks.o(i.prvResetNextTaskUnblockTime)
    prvResetNextTaskUnblockTime              0x080023b5   Thumb Code    40  tasks.o(i.prvResetNextTaskUnblockTime)
    i.prvSampleTimeNow                       0x080023e4   Section        0  timers.o(i.prvSampleTimeNow)
    prvSampleTimeNow                         0x080023e5   Thumb Code    40  timers.o(i.prvSampleTimeNow)
    i.prvSwitchTimerLists                    0x08002410   Section        0  timers.o(i.prvSwitchTimerLists)
    prvSwitchTimerLists                      0x08002411   Thumb Code    58  timers.o(i.prvSwitchTimerLists)
    i.prvTaskExitError                       0x08002454   Section        0  port.o(i.prvTaskExitError)
    prvTaskExitError                         0x08002455   Thumb Code    48  port.o(i.prvTaskExitError)
    i.prvTestWaitCondition                   0x080024c4   Section        0  event_groups.o(i.prvTestWaitCondition)
    prvTestWaitCondition                     0x080024c5   Thumb Code    30  event_groups.o(i.prvTestWaitCondition)
    i.prvTimerTask                           0x080024e2   Section        0  timers.o(i.prvTimerTask)
    prvTimerTask                             0x080024e3   Thumb Code    26  timers.o(i.prvTimerTask)
    i.prvUnlockQueue                         0x080024fc   Section        0  queue.o(i.prvUnlockQueue)
    prvUnlockQueue                           0x080024fd   Thumb Code   144  queue.o(i.prvUnlockQueue)
    i.pvPortMalloc                           0x0800258c   Section        0  heap_4.o(i.pvPortMalloc)
    i.pvTaskIncrementMutexHeldCount          0x0800270c   Section        0  tasks.o(i.pvTaskIncrementMutexHeldCount)
    i.pxPortInitialiseStack                  0x0800272c   Section        0  port.o(i.pxPortInitialiseStack)
    i.start_task                             0x08002750   Section        0  freertos_demo.o(i.start_task)
    i.uart_init                              0x080027fc   Section        0  usart.o(i.uart_init)
    i.uxListRemove                           0x080028b0   Section        0  list.o(i.uxListRemove)
    i.uxTaskResetEventItemValue              0x080028d8   Section        0  tasks.o(i.uxTaskResetEventItemValue)
    i.vListInitialise                        0x080028f4   Section        0  list.o(i.vListInitialise)
    i.vListInitialiseItem                    0x0800290e   Section        0  list.o(i.vListInitialiseItem)
    i.vListInsert                            0x08002914   Section        0  list.o(i.vListInsert)
    i.vListInsertEnd                         0x08002948   Section        0  list.o(i.vListInsertEnd)
    i.vPortEnterCritical                     0x08002960   Section        0  port.o(i.vPortEnterCritical)
    i.vPortExitCritical                      0x080029e8   Section        0  port.o(i.vPortExitCritical)
    i.vPortFree                              0x08002a58   Section        0  heap_4.o(i.vPortFree)
    i.vPortSetupTimerInterrupt               0x08002b20   Section        0  port.o(i.vPortSetupTimerInterrupt)
    i.vPortValidateInterruptPriority         0x08002b4c   Section        0  port.o(i.vPortValidateInterruptPriority)
    i.vQueueAddToRegistry                    0x08002bec   Section        0  queue.o(i.vQueueAddToRegistry)
    i.vQueueWaitForMessageRestricted         0x08002c68   Section        0  queue.o(i.vQueueWaitForMessageRestricted)
    i.vTaskDelete                            0x08002cb4   Section        0  tasks.o(i.vTaskDelete)
    i.vTaskInternalSetTimeOutState           0x08002dc8   Section        0  tasks.o(i.vTaskInternalSetTimeOutState)
    i.vTaskMissedYield                       0x08002de0   Section        0  tasks.o(i.vTaskMissedYield)
    i.vTaskPlaceOnEventList                  0x08002dec   Section        0  tasks.o(i.vTaskPlaceOnEventList)
    i.vTaskPlaceOnEventListRestricted        0x08002e40   Section        0  tasks.o(i.vTaskPlaceOnEventListRestricted)
    i.vTaskPlaceOnUnorderedEventList         0x08002ebc   Section        0  tasks.o(i.vTaskPlaceOnUnorderedEventList)
    i.vTaskPriorityDisinheritAfterTimeout    0x08002f5c   Section        0  tasks.o(i.vTaskPriorityDisinheritAfterTimeout)
    i.vTaskRemoveFromUnorderedEventList      0x08003084   Section        0  tasks.o(i.vTaskRemoveFromUnorderedEventList)
    i.vTaskStartScheduler                    0x080031a4   Section        0  tasks.o(i.vTaskStartScheduler)
    i.vTaskSuspendAll                        0x08003258   Section        0  tasks.o(i.vTaskSuspendAll)
    i.vTaskSwitchContext                     0x08003268   Section        0  tasks.o(i.vTaskSwitchContext)
    i.xEventGroupCreate                      0x08003310   Section        0  event_groups.o(i.xEventGroupCreate)
    i.xEventGroupSetBits                     0x0800332c   Section        0  event_groups.o(i.xEventGroupSetBits)
    i.xEventGroupWaitBits                    0x08003414   Section        0  event_groups.o(i.xEventGroupWaitBits)
    i.xPortStartScheduler                    0x08003570   Section        0  port.o(i.xPortStartScheduler)
    i.xPortSysTickHandler                    0x080036b0   Section        0  port.o(i.xPortSysTickHandler)
    i.xQueueGenericCreate                    0x080036e4   Section        0  queue.o(i.xQueueGenericCreate)
    i.xQueueGenericReset                     0x08003764   Section        0  queue.o(i.xQueueGenericReset)
    i.xQueueGenericSend                      0x08003850   Section        0  queue.o(i.xQueueGenericSend)
    i.xQueueGiveFromISR                      0x08003a24   Section        0  queue.o(i.xQueueGiveFromISR)
    i.xQueueReceive                          0x08003b38   Section        0  queue.o(i.xQueueReceive)
    i.xQueueSemaphoreTake                    0x08003ca8   Section        0  queue.o(i.xQueueSemaphoreTake)
    i.xTaskCheckForTimeOut                   0x08003e5c   Section        0  tasks.o(i.xTaskCheckForTimeOut)
    i.xTaskCreate                            0x08003f18   Section        0  tasks.o(i.xTaskCreate)
    i.xTaskGetSchedulerState                 0x08003f78   Section        0  tasks.o(i.xTaskGetSchedulerState)
    i.xTaskGetTickCount                      0x08003f98   Section        0  tasks.o(i.xTaskGetTickCount)
    i.xTaskIncrementTick                     0x08003fa4   Section        0  tasks.o(i.xTaskIncrementTick)
    i.xTaskPriorityDisinherit                0x08004178   Section        0  tasks.o(i.xTaskPriorityDisinherit)
    i.xTaskPriorityInherit                   0x08004278   Section        0  tasks.o(i.xTaskPriorityInherit)
    i.xTaskRemoveFromEventList               0x08004364   Section        0  tasks.o(i.xTaskRemoveFromEventList)
    i.xTaskResumeAll                         0x080044a0   Section        0  tasks.o(i.xTaskResumeAll)
    i.xTimerCreateTimerTask                  0x08004630   Section        0  timers.o(i.xTimerCreateTimerTask)
    .constdata                               0x080046a4   Section       24  malloc.o(.constdata)
    .data                                    0x20000000   Section       20  system_stm32f10x.o(.data)
    .data                                    0x20000014   Section       40  freertos_demo.o(.data)
    xTicksToWait                             0x20000038   Data           4  freertos_demo.o(.data)
    .data                                    0x2000003c   Section       20  stm32f10x_rcc.o(.data)
    APBAHBPrescTable                         0x2000003c   Data          16  stm32f10x_rcc.o(.data)
    ADCPrescTable                            0x2000004c   Data           4  stm32f10x_rcc.o(.data)
    .data                                    0x20000050   Section       14  usart.o(.data)
    rCnt                                     0x2000005d   Data           1  usart.o(.data)
    .data                                    0x2000005e   Section        4  delay.o(.data)
    fac_us                                   0x2000005e   Data           1  delay.o(.data)
    fac_ms                                   0x20000060   Data           2  delay.o(.data)
    .data                                    0x20000064   Section       12  dma.o(.data)
    .data                                    0x20000070   Section       64  tasks.o(.data)
    pxDelayedTaskList                        0x20000074   Data           4  tasks.o(.data)
    pxOverflowDelayedTaskList                0x20000078   Data           4  tasks.o(.data)
    uxDeletedTasksWaitingCleanUp             0x2000007c   Data           4  tasks.o(.data)
    uxCurrentNumberOfTasks                   0x20000080   Data           4  tasks.o(.data)
    xTickCount                               0x20000084   Data           4  tasks.o(.data)
    uxTopReadyPriority                       0x20000088   Data           4  tasks.o(.data)
    xSchedulerRunning                        0x2000008c   Data           4  tasks.o(.data)
    xPendedTicks                             0x20000090   Data           4  tasks.o(.data)
    xYieldPending                            0x20000094   Data           4  tasks.o(.data)
    xNumOfOverflows                          0x20000098   Data           4  tasks.o(.data)
    uxTaskNumber                             0x2000009c   Data           4  tasks.o(.data)
    xNextTaskUnblockTime                     0x200000a0   Data           4  tasks.o(.data)
    xIdleTaskHandle                          0x200000a4   Data           4  tasks.o(.data)
    uxSchedulerSuspended                     0x200000ac   Data           4  tasks.o(.data)
    .data                                    0x200000b0   Section       20  timers.o(.data)
    pxCurrentTimerList                       0x200000b0   Data           4  timers.o(.data)
    pxOverflowTimerList                      0x200000b4   Data           4  timers.o(.data)
    xTimerQueue                              0x200000b8   Data           4  timers.o(.data)
    xTimerTaskHandle                         0x200000bc   Data           4  timers.o(.data)
    xLastTime                                0x200000c0   Data           4  timers.o(.data)
    .data                                    0x200000c4   Section       12  port.o(.data)
    uxCriticalNesting                        0x200000c4   Data           4  port.o(.data)
    ucMaxSysCallPriority                     0x200000c8   Data           1  port.o(.data)
    ulMaxPRIGROUPValue                       0x200000cc   Data           4  port.o(.data)
    .data                                    0x200000d0   Section       32  heap_4.o(.data)
    xStart                                   0x200000d0   Data           8  heap_4.o(.data)
    pxEnd                                    0x200000d8   Data           4  heap_4.o(.data)
    xFreeBytesRemaining                      0x200000dc   Data           4  heap_4.o(.data)
    xMinimumEverFreeBytesRemaining           0x200000e0   Data           4  heap_4.o(.data)
    xNumberOfSuccessfulAllocations           0x200000e4   Data           4  heap_4.o(.data)
    xNumberOfSuccessfulFrees                 0x200000e8   Data           4  heap_4.o(.data)
    xBlockAllocatedBit                       0x200000ec   Data           4  heap_4.o(.data)
    .data                                    0x200000f0   Section       28  malloc.o(.data)
    .bss                                     0x2000010c   Section      200  usart.o(.bss)
    .bss                                     0x200001d4   Section       44  dma.o(.bss)
    .bss                                     0x20000200   Section       64  queue.o(.bss)
    .bss                                     0x20000240   Section      740  tasks.o(.bss)
    pxReadyTasksLists                        0x20000240   Data         640  tasks.o(.bss)
    xDelayedTaskList1                        0x200004c0   Data          20  tasks.o(.bss)
    xDelayedTaskList2                        0x200004d4   Data          20  tasks.o(.bss)
    xPendingReadyList                        0x200004e8   Data          20  tasks.o(.bss)
    xTasksWaitingTermination                 0x200004fc   Data          20  tasks.o(.bss)
    xSuspendedTaskList                       0x20000510   Data          20  tasks.o(.bss)
    .bss                                     0x20000524   Section       40  timers.o(.bss)
    xActiveTimerList1                        0x20000524   Data          20  timers.o(.bss)
    xActiveTimerList2                        0x20000538   Data          20  timers.o(.bss)
    .bss                                     0x2000054c   Section    10240  heap_4.o(.bss)
    ucHeap                                   0x2000054c   Data       10240  heap_4.o(.bss)
    .bss                                     0x20002d60   Section    21760  malloc.o(.bss)
    .bss                                     0x20008260   Section       96  libspace.o(.bss)
    HEAP                                     0x200082c0   Section      512  startup_stm32f10x_hd.o(HEAP)
    Heap_Mem                                 0x200082c0   Data         512  startup_stm32f10x_hd.o(HEAP)
    STACK                                    0x200084c0   Section     1024  startup_stm32f10x_hd.o(STACK)
    Stack_Mem                                0x200084c0   Data        1024  startup_stm32f10x_hd.o(STACK)
    __initial_sp                             0x200088c0   Data           0  startup_stm32f10x_hd.o(STACK)
    .ARM.__AT_0x68000000                     0x68000000   Section    983040  malloc.o(.ARM.__AT_0x68000000)
    .ARM.__AT_0x680F0000                     0x680f0000   Section    61440  malloc.o(.ARM.__AT_0x680F0000)

    Global Symbols

    Symbol Name                              Value     Ov Type        Size  Object(Section)

    BuildAttributes$$THM_ISAv4$P$D$K$B$S$PE$A:L22UL41UL21$X:L11$S22US41US21$IEEE1$IW$USESV6$~STKCKD$USESV7$~SHL$OSPACE$ROPI$EBA8$UX$STANDARDLIB$REQ8$PRES8$EABIv2 0x00000000   Number         0  anon$$obj.o ABSOLUTE
    __ARM_use_no_argv                        0x00000000   Number         0  main.o ABSOLUTE
    __ARM_exceptions_init                     - Undefined Weak Reference
    __alloca_initialize                       - Undefined Weak Reference
    __arm_fini_                               - Undefined Weak Reference
    __arm_preinit_                            - Undefined Weak Reference
    __cpp_initialize__aeabi_                  - Undefined Weak Reference
    __cxa_finalize                            - Undefined Weak Reference
    __rt_locale                               - Undefined Weak Reference
    __sigvec_lookup                           - Undefined Weak Reference
    _atexit_init                              - Undefined Weak Reference
    _call_atexit_fns                          - Undefined Weak Reference
    _clock_init                               - Undefined Weak Reference
    _fp_trap_init                             - Undefined Weak Reference
    _fp_trap_shutdown                         - Undefined Weak Reference
    _get_lc_collate                           - Undefined Weak Reference
    _get_lc_ctype                             - Undefined Weak Reference
    _get_lc_monetary                          - Undefined Weak Reference
    _get_lc_numeric                           - Undefined Weak Reference
    _get_lc_time                              - Undefined Weak Reference
    _getenv_init                              - Undefined Weak Reference
    _handle_redirection                       - Undefined Weak Reference
    _init_alloc                               - Undefined Weak Reference
    _init_user_alloc                          - Undefined Weak Reference
    _initio                                   - Undefined Weak Reference
    _mutex_acquire                            - Undefined Weak Reference
    _mutex_release                            - Undefined Weak Reference
    _printf_mbtowc                            - Undefined Weak Reference
    _printf_post_padding                      - Undefined Weak Reference
    _printf_pre_padding                       - Undefined Weak Reference
    _printf_truncate_signed                   - Undefined Weak Reference
    _printf_truncate_unsigned                 - Undefined Weak Reference
    _rand_init                                - Undefined Weak Reference
    _signal_finish                            - Undefined Weak Reference
    _signal_init                              - Undefined Weak Reference
    _terminate_alloc                          - Undefined Weak Reference
    _terminate_user_alloc                     - Undefined Weak Reference
    _terminateio                              - Undefined Weak Reference
    __Vectors_Size                           0x00000130   Number         0  startup_stm32f10x_hd.o ABSOLUTE
    __Vectors                                0x08000000   Data           4  startup_stm32f10x_hd.o(RESET)
    __Vectors_End                            0x08000130   Data           0  startup_stm32f10x_hd.o(RESET)
    __main                                   0x08000131   Thumb Code     8  __main.o(!!!main)
    __scatterload                            0x08000139   Thumb Code     0  __scatter.o(!!!scatter)
    __scatterload_rt2                        0x08000139   Thumb Code    44  __scatter.o(!!!scatter)
    __scatterload_rt2_thumb_only             0x08000139   Thumb Code     0  __scatter.o(!!!scatter)
    __scatterload_null                       0x08000147   Thumb Code     0  __scatter.o(!!!scatter)
    __scatterload_copy                       0x0800016d   Thumb Code    26  __scatter_copy.o(!!handler_copy)
    __scatterload_zeroinit                   0x08000189   Thumb Code    28  __scatter_zi.o(!!handler_zi)
    _printf_d                                0x080001a5   Thumb Code     0  _printf_d.o(.ARM.Collect$$_printf_percent$$00000009)
    _printf_percent                          0x080001a5   Thumb Code     0  _printf_percent.o(.ARM.Collect$$_printf_percent$$00000000)
    _printf_s                                0x080001ab   Thumb Code     0  _printf_s.o(.ARM.Collect$$_printf_percent$$00000014)
    _printf_percent_end                      0x080001b1   Thumb Code     0  _printf_percent_end.o(.ARM.Collect$$_printf_percent$$00000017)
    __rt_lib_init                            0x080001b5   Thumb Code     0  libinit.o(.ARM.Collect$$libinit$$00000000)
    __rt_lib_init_alloca_1                   0x080001b7   Thumb Code     0  libinit2.o(.ARM.Collect$$libinit$$0000002E)
    __rt_lib_init_argv_1                     0x080001b7   Thumb Code     0  libinit2.o(.ARM.Collect$$libinit$$0000002C)
    __rt_lib_init_atexit_1                   0x080001b7   Thumb Code     0  libinit2.o(.ARM.Collect$$libinit$$0000001B)
    __rt_lib_init_clock_1                    0x080001b7   Thumb Code     0  libinit2.o(.ARM.Collect$$libinit$$00000021)
    __rt_lib_init_cpp_1                      0x080001b7   Thumb Code     0  libinit2.o(.ARM.Collect$$libinit$$00000032)
    __rt_lib_init_exceptions_1               0x080001b7   Thumb Code     0  libinit2.o(.ARM.Collect$$libinit$$00000030)
    __rt_lib_init_fp_1                       0x080001b7   Thumb Code     0  libinit2.o(.ARM.Collect$$libinit$$00000002)
    __rt_lib_init_fp_trap_1                  0x080001b7   Thumb Code     0  libinit2.o(.ARM.Collect$$libinit$$0000001F)
    __rt_lib_init_getenv_1                   0x080001b7   Thumb Code     0  libinit2.o(.ARM.Collect$$libinit$$00000023)
    __rt_lib_init_heap_1                     0x080001b7   Thumb Code     0  libinit2.o(.ARM.Collect$$libinit$$0000000A)
    __rt_lib_init_lc_collate_1               0x080001b7   Thumb Code     0  libinit2.o(.ARM.Collect$$libinit$$00000011)
    __rt_lib_init_lc_ctype_1                 0x080001b7   Thumb Code     0  libinit2.o(.ARM.Collect$$libinit$$00000013)
    __rt_lib_init_lc_monetary_1              0x080001b7   Thumb Code     0  libinit2.o(.ARM.Collect$$libinit$$00000015)
    __rt_lib_init_lc_numeric_1               0x080001b7   Thumb Code     0  libinit2.o(.ARM.Collect$$libinit$$00000017)
    __rt_lib_init_lc_time_1                  0x080001b7   Thumb Code     0  libinit2.o(.ARM.Collect$$libinit$$00000019)
    __rt_lib_init_preinit_1                  0x080001b7   Thumb Code     0  libinit2.o(.ARM.Collect$$libinit$$00000004)
    __rt_lib_init_rand_1                     0x080001b7   Thumb Code     0  libinit2.o(.ARM.Collect$$libinit$$0000000E)
    __rt_lib_init_return                     0x080001b7   Thumb Code     0  libinit2.o(.ARM.Collect$$libinit$$00000033)
    __rt_lib_init_signal_1                   0x080001b7   Thumb Code     0  libinit2.o(.ARM.Collect$$libinit$$0000001D)
    __rt_lib_init_stdio_1                    0x080001b7   Thumb Code     0  libinit2.o(.ARM.Collect$$libinit$$00000025)
    __rt_lib_init_user_alloc_1               0x080001b7   Thumb Code     0  libinit2.o(.ARM.Collect$$libinit$$0000000C)
    __rt_lib_shutdown                        0x080001b9   Thumb Code     0  libshutdown.o(.ARM.Collect$$libshutdown$$00000000)
    __rt_lib_shutdown_cpp_1                  0x080001bb   Thumb Code     0  libshutdown2.o(.ARM.Collect$$libshutdown$$00000004)
    __rt_lib_shutdown_fini_1                 0x080001bb   Thumb Code     0  libshutdown2.o(.ARM.Collect$$libshutdown$$00000002)
    __rt_lib_shutdown_fp_trap_1              0x080001bb   Thumb Code     0  libshutdown2.o(.ARM.Collect$$libshutdown$$00000009)
    __rt_lib_shutdown_heap_1                 0x080001bb   Thumb Code     0  libshutdown2.o(.ARM.Collect$$libshutdown$$00000011)
    __rt_lib_shutdown_return                 0x080001bb   Thumb Code     0  libshutdown2.o(.ARM.Collect$$libshutdown$$00000012)
    __rt_lib_shutdown_signal_1               0x080001bb   Thumb Code     0  libshutdown2.o(.ARM.Collect$$libshutdown$$0000000C)
    __rt_lib_shutdown_stdio_1                0x080001bb   Thumb Code     0  libshutdown2.o(.ARM.Collect$$libshutdown$$00000006)
    __rt_lib_shutdown_user_alloc_1           0x080001bb   Thumb Code     0  libshutdown2.o(.ARM.Collect$$libshutdown$$0000000E)
    __rt_entry                               0x080001bd   Thumb Code     0  __rtentry.o(.ARM.Collect$$rtentry$$00000000)
    __rt_entry_presh_1                       0x080001bd   Thumb Code     0  __rtentry2.o(.ARM.Collect$$rtentry$$00000002)
    __rt_entry_sh                            0x080001bd   Thumb Code     0  __rtentry4.o(.ARM.Collect$$rtentry$$00000004)
    __rt_entry_li                            0x080001c3   Thumb Code     0  __rtentry2.o(.ARM.Collect$$rtentry$$0000000A)
    __rt_entry_postsh_1                      0x080001c3   Thumb Code     0  __rtentry2.o(.ARM.Collect$$rtentry$$00000009)
    __rt_entry_main                          0x080001c7   Thumb Code     0  __rtentry2.o(.ARM.Collect$$rtentry$$0000000D)
    __rt_entry_postli_1                      0x080001c7   Thumb Code     0  __rtentry2.o(.ARM.Collect$$rtentry$$0000000C)
    __rt_exit                                0x080001cf   Thumb Code     0  rtexit.o(.ARM.Collect$$rtexit$$00000000)
    __rt_exit_ls                             0x080001d1   Thumb Code     0  rtexit2.o(.ARM.Collect$$rtexit$$00000003)
    __rt_exit_prels_1                        0x080001d1   Thumb Code     0  rtexit2.o(.ARM.Collect$$rtexit$$00000002)
    __rt_exit_exit                           0x080001d5   Thumb Code     0  rtexit2.o(.ARM.Collect$$rtexit$$00000004)
    SVC_Handler                              0x080001dd   Thumb Code    32  port.o(.emb_text)
    __asm___6_port_c_39a90d8d__prvStartFirstTask 0x08000201   Thumb Code    28  port.o(.emb_text)
    PendSV_Handler                           0x08000221   Thumb Code    72  port.o(.emb_text)
    vPortGetIPSR                             0x0800026d   Thumb Code     6  port.o(.emb_text)
    Reset_Handler                            0x08000275   Thumb Code     8  startup_stm32f10x_hd.o(.text)
    ADC1_2_IRQHandler                        0x0800028f   Thumb Code     0  startup_stm32f10x_hd.o(.text)
    ADC3_IRQHandler                          0x0800028f   Thumb Code     0  startup_stm32f10x_hd.o(.text)
    CAN1_RX1_IRQHandler                      0x0800028f   Thumb Code     0  startup_stm32f10x_hd.o(.text)
    CAN1_SCE_IRQHandler                      0x0800028f   Thumb Code     0  startup_stm32f10x_hd.o(.text)
    DMA1_Channel1_IRQHandler                 0x0800028f   Thumb Code     0  startup_stm32f10x_hd.o(.text)
    DMA1_Channel2_IRQHandler                 0x0800028f   Thumb Code     0  startup_stm32f10x_hd.o(.text)
    DMA1_Channel3_IRQHandler                 0x0800028f   Thumb Code     0  startup_stm32f10x_hd.o(.text)
    DMA1_Channel4_IRQHandler                 0x0800028f   Thumb Code     0  startup_stm32f10x_hd.o(.text)
    DMA1_Channel6_IRQHandler                 0x0800028f   Thumb Code     0  startup_stm32f10x_hd.o(.text)
    DMA1_Channel7_IRQHandler                 0x0800028f   Thumb Code     0  startup_stm32f10x_hd.o(.text)
    DMA2_Channel1_IRQHandler                 0x0800028f   Thumb Code     0  startup_stm32f10x_hd.o(.text)
    DMA2_Channel2_IRQHandler                 0x0800028f   Thumb Code     0  startup_stm32f10x_hd.o(.text)
    DMA2_Channel3_IRQHandler                 0x0800028f   Thumb Code     0  startup_stm32f10x_hd.o(.text)
    DMA2_Channel4_5_IRQHandler               0x0800028f   Thumb Code     0  startup_stm32f10x_hd.o(.text)
    EXTI0_IRQHandler                         0x0800028f   Thumb Code     0  startup_stm32f10x_hd.o(.text)
    EXTI15_10_IRQHandler                     0x0800028f   Thumb Code     0  startup_stm32f10x_hd.o(.text)
    EXTI1_IRQHandler                         0x0800028f   Thumb Code     0  startup_stm32f10x_hd.o(.text)
    EXTI2_IRQHandler                         0x0800028f   Thumb Code     0  startup_stm32f10x_hd.o(.text)
    EXTI3_IRQHandler                         0x0800028f   Thumb Code     0  startup_stm32f10x_hd.o(.text)
    EXTI4_IRQHandler                         0x0800028f   Thumb Code     0  startup_stm32f10x_hd.o(.text)
    EXTI9_5_IRQHandler                       0x0800028f   Thumb Code     0  startup_stm32f10x_hd.o(.text)
    FLASH_IRQHandler                         0x0800028f   Thumb Code     0  startup_stm32f10x_hd.o(.text)
    FSMC_IRQHandler                          0x0800028f   Thumb Code     0  startup_stm32f10x_hd.o(.text)
    I2C1_ER_IRQHandler                       0x0800028f   Thumb Code     0  startup_stm32f10x_hd.o(.text)
    I2C1_EV_IRQHandler                       0x0800028f   Thumb Code     0  startup_stm32f10x_hd.o(.text)
    I2C2_ER_IRQHandler                       0x0800028f   Thumb Code     0  startup_stm32f10x_hd.o(.text)
    I2C2_EV_IRQHandler                       0x0800028f   Thumb Code     0  startup_stm32f10x_hd.o(.text)
    PVD_IRQHandler                           0x0800028f   Thumb Code     0  startup_stm32f10x_hd.o(.text)
    RCC_IRQHandler                           0x0800028f   Thumb Code     0  startup_stm32f10x_hd.o(.text)
    RTCAlarm_IRQHandler                      0x0800028f   Thumb Code     0  startup_stm32f10x_hd.o(.text)
    RTC_IRQHandler                           0x0800028f   Thumb Code     0  startup_stm32f10x_hd.o(.text)
    SDIO_IRQHandler                          0x0800028f   Thumb Code     0  startup_stm32f10x_hd.o(.text)
    SPI1_IRQHandler                          0x0800028f   Thumb Code     0  startup_stm32f10x_hd.o(.text)
    SPI2_IRQHandler                          0x0800028f   Thumb Code     0  startup_stm32f10x_hd.o(.text)
    SPI3_IRQHandler                          0x0800028f   Thumb Code     0  startup_stm32f10x_hd.o(.text)
    TAMPER_IRQHandler                        0x0800028f   Thumb Code     0  startup_stm32f10x_hd.o(.text)
    TIM1_BRK_IRQHandler                      0x0800028f   Thumb Code     0  startup_stm32f10x_hd.o(.text)
    TIM1_CC_IRQHandler                       0x0800028f   Thumb Code     0  startup_stm32f10x_hd.o(.text)
    TIM1_TRG_COM_IRQHandler                  0x0800028f   Thumb Code     0  startup_stm32f10x_hd.o(.text)
    TIM1_UP_IRQHandler                       0x0800028f   Thumb Code     0  startup_stm32f10x_hd.o(.text)
    TIM2_IRQHandler                          0x0800028f   Thumb Code     0  startup_stm32f10x_hd.o(.text)
    TIM3_IRQHandler                          0x0800028f   Thumb Code     0  startup_stm32f10x_hd.o(.text)
    TIM4_IRQHandler                          0x0800028f   Thumb Code     0  startup_stm32f10x_hd.o(.text)
    TIM5_IRQHandler                          0x0800028f   Thumb Code     0  startup_stm32f10x_hd.o(.text)
    TIM6_IRQHandler                          0x0800028f   Thumb Code     0  startup_stm32f10x_hd.o(.text)
    TIM7_IRQHandler                          0x0800028f   Thumb Code     0  startup_stm32f10x_hd.o(.text)
    TIM8_BRK_IRQHandler                      0x0800028f   Thumb Code     0  startup_stm32f10x_hd.o(.text)
    TIM8_CC_IRQHandler                       0x0800028f   Thumb Code     0  startup_stm32f10x_hd.o(.text)
    TIM8_TRG_COM_IRQHandler                  0x0800028f   Thumb Code     0  startup_stm32f10x_hd.o(.text)
    TIM8_UP_IRQHandler                       0x0800028f   Thumb Code     0  startup_stm32f10x_hd.o(.text)
    UART4_IRQHandler                         0x0800028f   Thumb Code     0  startup_stm32f10x_hd.o(.text)
    UART5_IRQHandler                         0x0800028f   Thumb Code     0  startup_stm32f10x_hd.o(.text)
    USART2_IRQHandler                        0x0800028f   Thumb Code     0  startup_stm32f10x_hd.o(.text)
    USART3_IRQHandler                        0x0800028f   Thumb Code     0  startup_stm32f10x_hd.o(.text)
    USBWakeUp_IRQHandler                     0x0800028f   Thumb Code     0  startup_stm32f10x_hd.o(.text)
    USB_HP_CAN1_TX_IRQHandler                0x0800028f   Thumb Code     0  startup_stm32f10x_hd.o(.text)
    USB_LP_CAN1_RX0_IRQHandler               0x0800028f   Thumb Code     0  startup_stm32f10x_hd.o(.text)
    WWDG_IRQHandler                          0x0800028f   Thumb Code     0  startup_stm32f10x_hd.o(.text)
    __user_initial_stackheap                 0x08000291   Thumb Code     0  startup_stm32f10x_hd.o(.text)
    __use_no_semihosting                     0x080002b5   Thumb Code     2  use_no_semi_2.o(.text)
    __2printf                                0x080002b9   Thumb Code    20  noretval__2printf.o(.text)
    __2sprintf                               0x080002d1   Thumb Code    34  noretval__2sprintf.o(.text)
    __printf                                 0x080002f9   Thumb Code   104  __printf.o(.text)
    _printf_str                              0x08000361   Thumb Code    82  _printf_str.o(.text)
    _printf_int_dec                          0x080003b5   Thumb Code   104  _printf_dec.o(.text)
    __aeabi_memcpy                           0x0800042d   Thumb Code     0  rt_memcpy_v6.o(.text)
    __rt_memcpy                              0x0800042d   Thumb Code   138  rt_memcpy_v6.o(.text)
    _memcpy_lastbytes                        0x08000493   Thumb Code     0  rt_memcpy_v6.o(.text)
    __aeabi_memset                           0x080004b7   Thumb Code    16  aeabi_memset.o(.text)
    strcmp                                   0x080004c9   Thumb Code   128  strcmpv7m.o(.text)
    __use_two_region_memory                  0x08000549   Thumb Code     2  heapauxi.o(.text)
    __rt_heap_escrow$2region                 0x0800054b   Thumb Code     2  heapauxi.o(.text)
    __rt_heap_expand$2region                 0x0800054d   Thumb Code     2  heapauxi.o(.text)
    __I$use$semihosting                      0x0800054f   Thumb Code     0  use_no_semi.o(.text)
    __use_no_semihosting_swi                 0x0800054f   Thumb Code     2  use_no_semi.o(.text)
    _printf_int_common                       0x08000551   Thumb Code   178  _printf_intcommon.o(.text)
    _printf_char_common                      0x0800060f   Thumb Code    32  _printf_char_common.o(.text)
    _sputc                                   0x08000635   Thumb Code    10  _sputc.o(.text)
    _printf_cs_common                        0x0800063f   Thumb Code    20  _printf_char.o(.text)
    _printf_char                             0x08000653   Thumb Code    16  _printf_char.o(.text)
    _printf_string                           0x08000663   Thumb Code     8  _printf_char.o(.text)
    _printf_char_file                        0x0800066d   Thumb Code    32  _printf_char_file.o(.text)
    __aeabi_memcpy4                          0x08000691   Thumb Code     0  rt_memcpy_w.o(.text)
    __aeabi_memcpy8                          0x08000691   Thumb Code     0  rt_memcpy_w.o(.text)
    __rt_memcpy_w                            0x08000691   Thumb Code   100  rt_memcpy_w.o(.text)
    _memcpy_lastbytes_aligned                0x080006d9   Thumb Code     0  rt_memcpy_w.o(.text)
    __aeabi_memclr                           0x080006f5   Thumb Code     0  rt_memclr.o(.text)
    __rt_memclr                              0x080006f5   Thumb Code    68  rt_memclr.o(.text)
    _memset                                  0x080006f9   Thumb Code     0  rt_memclr.o(.text)
    ferror                                   0x08000739   Thumb Code     8  ferror.o(.text)
    __aeabi_memclr4                          0x08000741   Thumb Code     0  rt_memclr_w.o(.text)
    __aeabi_memclr8                          0x08000741   Thumb Code     0  rt_memclr_w.o(.text)
    __rt_memclr_w                            0x08000741   Thumb Code    78  rt_memclr_w.o(.text)
    _memset_w                                0x08000745   Thumb Code     0  rt_memclr_w.o(.text)
    __user_setup_stackheap                   0x0800078f   Thumb Code    74  sys_stackheap_outer.o(.text)
    exit                                     0x080007d9   Thumb Code    18  exit.o(.text)
    __user_libspace                          0x080007ed   Thumb Code     8  libspace.o(.text)
    __user_perproc_libspace                  0x080007ed   Thumb Code     0  libspace.o(.text)
    __user_perthread_libspace                0x080007ed   Thumb Code     0  libspace.o(.text)
    BEEP_Init                                0x080007f5   Thumb Code    50  beep.o(i.BEEP_Init)
    BusFault_Handler                         0x0800082d   Thumb Code     4  stm32f10x_it.o(i.BusFault_Handler)
    CommandProcess                           0x08000831   Thumb Code    64  freertos_demo.o(i.CommandProcess)
    DMA1_Channel5_IRQHandler                 0x08000891   Thumb Code    58  dma.o(i.DMA1_Channel5_IRQHandler)
    DMA_ClearITPendingBit                    0x080008dd   Thumb Code    18  stm32f10x_dma.o(i.DMA_ClearITPendingBit)
    DMA_Cmd                                  0x080008f9   Thumb Code    24  stm32f10x_dma.o(i.DMA_Cmd)
    DMA_DeInit                               0x08000911   Thumb Code   324  stm32f10x_dma.o(i.DMA_DeInit)
    DMA_GetITStatus                          0x08000a5d   Thumb Code    36  stm32f10x_dma.o(i.DMA_GetITStatus)
    DMA_ITConfig                             0x08000a89   Thumb Code    18  stm32f10x_dma.o(i.DMA_ITConfig)
    DMA_Init                                 0x08000a9b   Thumb Code    60  stm32f10x_dma.o(i.DMA_Init)
    DMA_SetCurrDataCounter                   0x08000ad7   Thumb Code     4  stm32f10x_dma.o(i.DMA_SetCurrDataCounter)
    DebugMon_Handler                         0x08000adb   Thumb Code     2  stm32f10x_it.o(i.DebugMon_Handler)
    GPIO_Init                                0x08000add   Thumb Code   278  stm32f10x_gpio.o(i.GPIO_Init)
    GPIO_ResetBits                           0x08000bf3   Thumb Code     4  stm32f10x_gpio.o(i.GPIO_ResetBits)
    GPIO_SetBits                             0x08000bf7   Thumb Code     4  stm32f10x_gpio.o(i.GPIO_SetBits)
    HardFault_Handler                        0x08000bfb   Thumb Code     4  stm32f10x_it.o(i.HardFault_Handler)
    IWDG_Enable                              0x08000c01   Thumb Code    10  stm32f10x_iwdg.o(i.IWDG_Enable)
    IWDG_Feed                                0x08000c11   Thumb Code     8  iwdg.o(i.IWDG_Feed)
    IWDG_Init                                0x08000c19   Thumb Code    36  iwdg.o(i.IWDG_Init)
    IWDG_ReloadCounter                       0x08000c3d   Thumb Code    10  stm32f10x_iwdg.o(i.IWDG_ReloadCounter)
    IWDG_SetPrescaler                        0x08000c4d   Thumb Code     6  stm32f10x_iwdg.o(i.IWDG_SetPrescaler)
    IWDG_SetReload                           0x08000c59   Thumb Code     6  stm32f10x_iwdg.o(i.IWDG_SetReload)
    IWDG_WriteAccessCmd                      0x08000c65   Thumb Code     6  stm32f10x_iwdg.o(i.IWDG_WriteAccessCmd)
    KEY_Init                                 0x08000c71   Thumb Code    52  key.o(i.KEY_Init)
    LED_Init                                 0x08000cad   Thumb Code    68  led.o(i.LED_Init)
    LowerToCap                               0x08000cf9   Thumb Code    34  freertos_demo.o(i.LowerToCap)
    MYDMA_Config                             0x08000d1d   Thumb Code   116  dma.o(i.MYDMA_Config)
    MYDMA_Enable                             0x08000da1   Thumb Code    32  dma.o(i.MYDMA_Enable)
    MemManage_Handler                        0x08000dc5   Thumb Code     4  stm32f10x_it.o(i.MemManage_Handler)
    NMI_Handler                              0x08000dc9   Thumb Code     2  stm32f10x_it.o(i.NMI_Handler)
    NVIC_Init                                0x08000dcd   Thumb Code   100  misc.o(i.NVIC_Init)
    NVIC_PriorityGroupConfig                 0x08000e3d   Thumb Code    10  misc.o(i.NVIC_PriorityGroupConfig)
    RCC_AHBPeriphClockCmd                    0x08000e51   Thumb Code    26  stm32f10x_rcc.o(i.RCC_AHBPeriphClockCmd)
    RCC_APB2PeriphClockCmd                   0x08000e71   Thumb Code    26  stm32f10x_rcc.o(i.RCC_APB2PeriphClockCmd)
    RCC_GetClocksFreq                        0x08000e91   Thumb Code   192  stm32f10x_rcc.o(i.RCC_GetClocksFreq)
    SysTick_CLKSourceConfig                  0x0800104d   Thumb Code    40  misc.o(i.SysTick_CLKSourceConfig)
    SysTick_Handler                          0x08001075   Thumb Code    16  delay.o(i.SysTick_Handler)
    SystemInit                               0x08001085   Thumb Code    78  system_stm32f10x.o(i.SystemInit)
    TASK1                                    0x080010e5   Thumb Code   254  freertos_demo.o(i.TASK1)
    TASK2                                    0x08001235   Thumb Code   220  freertos_demo.o(i.TASK2)
    TASK3                                    0x08001381   Thumb Code    80  freertos_demo.o(i.TASK3)
    USART1_IRQHandler                        0x080013e5   Thumb Code   172  usart.o(i.USART1_IRQHandler)
    USART_Cmd                                0x080014ad   Thumb Code    24  stm32f10x_usart.o(i.USART_Cmd)
    USART_DMACmd                             0x080014c5   Thumb Code    18  stm32f10x_usart.o(i.USART_DMACmd)
    USART_GetITStatus                        0x080014d7   Thumb Code    84  stm32f10x_usart.o(i.USART_GetITStatus)
    USART_ITConfig                           0x0800152b   Thumb Code    74  stm32f10x_usart.o(i.USART_ITConfig)
    USART_Init                               0x08001575   Thumb Code   210  stm32f10x_usart.o(i.USART_Init)
    USART_ReceiveData                        0x0800164d   Thumb Code    10  stm32f10x_usart.o(i.USART_ReceiveData)
    UsageFault_Handler                       0x08001657   Thumb Code     4  stm32f10x_it.o(i.UsageFault_Handler)
    _sys_exit                                0x0800165b   Thumb Code     4  usart.o(i._sys_exit)
    crc16Modbus                              0x0800165f   Thumb Code    82  crc.o(i.crc16Modbus)
    delay_init                               0x080016b1   Thumb Code    74  delay.o(i.delay_init)
    fputc                                    0x0800170d   Thumb Code    24  usart.o(i.fputc)
    freertos_demo                            0x08001729   Thumb Code    62  freertos_demo.o(i.freertos_demo)
    main                                     0x080017b1   Thumb Code    52  main.o(i.main)
    my_mem_free                              0x080017e5   Thumb Code    96  malloc.o(i.my_mem_free)
    my_mem_init                              0x08001851   Thumb Code    54  malloc.o(i.my_mem_init)
    my_mem_malloc                            0x08001895   Thumb Code   156  malloc.o(i.my_mem_malloc)
    my_mem_perused                           0x0800193d   Thumb Code    54  malloc.o(i.my_mem_perused)
    myfree                                   0x0800197d   Thumb Code    30  malloc.o(i.myfree)
    mymalloc                                 0x080019a1   Thumb Code    34  malloc.o(i.mymalloc)
    mymemcpy                                 0x080019c9   Thumb Code    26  malloc.o(i.mymemcpy)
    mymemset                                 0x080019e3   Thumb Code    20  malloc.o(i.mymemset)
    myrealloc                                0x080019f9   Thumb Code    64  malloc.o(i.myrealloc)
    pvPortMalloc                             0x0800258d   Thumb Code   302  heap_4.o(i.pvPortMalloc)
    pvTaskIncrementMutexHeldCount            0x0800270d   Thumb Code    26  tasks.o(i.pvTaskIncrementMutexHeldCount)
    pxPortInitialiseStack                    0x0800272d   Thumb Code    30  port.o(i.pxPortInitialiseStack)
    start_task                               0x08002751   Thumb Code   112  freertos_demo.o(i.start_task)
    uart_init                                0x080027fd   Thumb Code   168  usart.o(i.uart_init)
    uxListRemove                             0x080028b1   Thumb Code    40  list.o(i.uxListRemove)
    uxTaskResetEventItemValue                0x080028d9   Thumb Code    24  tasks.o(i.uxTaskResetEventItemValue)
    vListInitialise                          0x080028f5   Thumb Code    26  list.o(i.vListInitialise)
    vListInitialiseItem                      0x0800290f   Thumb Code     6  list.o(i.vListInitialiseItem)
    vListInsert                              0x08002915   Thumb Code    52  list.o(i.vListInsert)
    vListInsertEnd                           0x08002949   Thumb Code    24  list.o(i.vListInsertEnd)
    vPortEnterCritical                       0x08002961   Thumb Code    68  port.o(i.vPortEnterCritical)
    vPortExitCritical                        0x080029e9   Thumb Code    48  port.o(i.vPortExitCritical)
    vPortFree                                0x08002a59   Thumb Code   130  heap_4.o(i.vPortFree)
    vPortSetupTimerInterrupt                 0x08002b21   Thumb Code    38  port.o(i.vPortSetupTimerInterrupt)
    vPortValidateInterruptPriority           0x08002b4d   Thumb Code    86  port.o(i.vPortValidateInterruptPriority)
    vQueueAddToRegistry                      0x08002bed   Thumb Code    84  queue.o(i.vQueueAddToRegistry)
    vQueueWaitForMessageRestricted           0x08002c69   Thumb Code    74  queue.o(i.vQueueWaitForMessageRestricted)
    vTaskDelete                              0x08002cb5   Thumb Code   200  tasks.o(i.vTaskDelete)
    vTaskInternalSetTimeOutState             0x08002dc9   Thumb Code    14  tasks.o(i.vTaskInternalSetTimeOutState)
    vTaskMissedYield                         0x08002de1   Thumb Code     8  tasks.o(i.vTaskMissedYield)
    vTaskPlaceOnEventList                    0x08002ded   Thumb Code    42  tasks.o(i.vTaskPlaceOnEventList)
    vTaskPlaceOnEventListRestricted          0x08002e41   Thumb Code    84  tasks.o(i.vTaskPlaceOnEventListRestricted)
    vTaskPlaceOnUnorderedEventList           0x08002ebd   Thumb Code   114  tasks.o(i.vTaskPlaceOnUnorderedEventList)
    vTaskPriorityDisinheritAfterTimeout      0x08002f5d   Thumb Code   248  tasks.o(i.vTaskPriorityDisinheritAfterTimeout)
    vTaskRemoveFromUnorderedEventList        0x08003085   Thumb Code   230  tasks.o(i.vTaskRemoveFromUnorderedEventList)
    vTaskStartScheduler                      0x080031a5   Thumb Code   112  tasks.o(i.vTaskStartScheduler)
    vTaskSuspendAll                          0x08003259   Thumb Code    12  tasks.o(i.vTaskSuspendAll)
    vTaskSwitchContext                       0x08003269   Thumb Code   110  tasks.o(i.vTaskSwitchContext)
    xEventGroupCreate                        0x08003311   Thumb Code    26  event_groups.o(i.xEventGroupCreate)
    xEventGroupSetBits                       0x0800332d   Thumb Code   186  event_groups.o(i.xEventGroupSetBits)
    xEventGroupWaitBits                      0x08003415   Thumb Code   298  event_groups.o(i.xEventGroupWaitBits)
    xPortStartScheduler                      0x08003571   Thumb Code   240  port.o(i.xPortStartScheduler)
    xPortSysTickHandler                      0x080036b1   Thumb Code    46  port.o(i.xPortSysTickHandler)
    xQueueGenericCreate                      0x080036e5   Thumb Code    92  queue.o(i.xQueueGenericCreate)
    xQueueGenericReset                       0x08003765   Thumb Code   194  queue.o(i.xQueueGenericReset)
    xQueueGenericSend                        0x08003851   Thumb Code   426  queue.o(i.xQueueGenericSend)
    xQueueGiveFromISR                        0x08003a25   Thumb Code   240  queue.o(i.xQueueGiveFromISR)
    xQueueReceive                            0x08003b39   Thumb Code   326  queue.o(i.xQueueReceive)
    xQueueSemaphoreTake                      0x08003ca9   Thumb Code   394  queue.o(i.xQueueSemaphoreTake)
    xTaskCheckForTimeOut                     0x08003e5d   Thumb Code   140  tasks.o(i.xTaskCheckForTimeOut)
    xTaskCreate                              0x08003f19   Thumb Code    96  tasks.o(i.xTaskCreate)
    xTaskGetSchedulerState                   0x08003f79   Thumb Code    24  tasks.o(i.xTaskGetSchedulerState)
    xTaskGetTickCount                        0x08003f99   Thumb Code     6  tasks.o(i.xTaskGetTickCount)
    xTaskIncrementTick                       0x08003fa5   Thumb Code   388  tasks.o(i.xTaskIncrementTick)
    xTaskPriorityDisinherit                  0x08004179   Thumb Code   206  tasks.o(i.xTaskPriorityDisinherit)
    xTaskPriorityInherit                     0x08004279   Thumb Code   224  tasks.o(i.xTaskPriorityInherit)
    xTaskRemoveFromEventList                 0x08004365   Thumb Code   254  tasks.o(i.xTaskRemoveFromEventList)
    xTaskResumeAll                           0x080044a1   Thumb Code   328  tasks.o(i.xTaskResumeAll)
    xTimerCreateTimerTask                    0x08004631   Thumb Code    56  timers.o(i.xTimerCreateTimerTask)
    memtblsize                               0x080046a4   Data           8  malloc.o(.constdata)
    memblksize                               0x080046ac   Data           8  malloc.o(.constdata)
    memsize                                  0x080046b4   Data           8  malloc.o(.constdata)
    Region$$Table$$Base                      0x080046bc   Number         0  anon$$obj.o(Region$$Table)
    Region$$Table$$Limit                     0x080046dc   Number         0  anon$$obj.o(Region$$Table)
    SystemCoreClock                          0x20000000   Data           4  system_stm32f10x.o(.data)
    AHBPrescTable                            0x20000004   Data          16  system_stm32f10x.o(.data)
    StartTask_Handler                        0x20000014   Data           4  freertos_demo.o(.data)
    TASK1_Handler                            0x20000018   Data           4  freertos_demo.o(.data)
    TASK2_Handler                            0x2000001c   Data           4  freertos_demo.o(.data)
    TASK3_Handler                            0x20000020   Data           4  freertos_demo.o(.data)
    DMA_queue                                0x20000024   Data           4  freertos_demo.o(.data)
    BinarySemaphore                          0x20000028   Data           4  freertos_demo.o(.data)
    DMAdone                                  0x2000002c   Data           4  freertos_demo.o(.data)
    xCreatedEventGroup                       0x20000030   Data           4  freertos_demo.o(.data)
    CMD_TYPE                                 0x20000034   Data           1  freertos_demo.o(.data)
    __stdout                                 0x20000050   Data           4  usart.o(.data)
    ReceBuff                                 0x20000054   Data           4  usart.o(.data)
    USART_RX_STA                             0x20000058   Data           2  usart.o(.data)
    Datalen                                  0x2000005a   Data           2  usart.o(.data)
    DMA_IWDG                                 0x2000005c   Data           1  usart.o(.data)
    NVIC_InitStructure                       0x20000064   Data           4  dma.o(.data)
    DMA1_MEM_LEN                             0x20000068   Data           2  dma.o(.data)
    xHigherPriorityTaskWoken                 0x2000006c   Data           4  dma.o(.data)
    pxCurrentTCB                             0x20000070   Data           4  tasks.o(.data)
    uxTopUsedPriority                        0x200000a8   Data           4  tasks.o(.data)
    mallco_dev                               0x200000f0   Data          28  malloc.o(.data)
    USART_RX_BUF                             0x2000010c   Data         200  usart.o(.bss)
    DMA_InitStructure                        0x200001d4   Data          44  dma.o(.bss)
    xQueueRegistry                           0x20000200   Data          64  queue.o(.bss)
    mem1base                                 0x20002d60   Data       20480  malloc.o(.bss)
    mem1mapbase                              0x20007d60   Data        1280  malloc.o(.bss)
    __libspace_start                         0x20008260   Data          96  libspace.o(.bss)
    __temporary_stack_top$libspace           0x200082c0   Data           0  libspace.o(.bss)
    mem2base                                 0x68000000   Data       983040  malloc.o(.ARM.__AT_0x68000000)
    mem2mapbase                              0x680f0000   Data       61440  malloc.o(.ARM.__AT_0x680F0000)



==============================================================================

Memory Map of the image

  Image Entry point : 0x08000275

  Load Region LR_1 (Base: 0x08000000, Size: 0x000047e8, Max: 0xffffffff, ABSOLUTE)

    Execution Region ER_RO (Exec base: 0x08000000, Load base: 0x08000000, Size: 0x000046dc, Max: 0xffffffff, ABSOLUTE)

    Exec Addr    Load Addr    Size         Type   Attr      Idx    E Section Name        Object

    0x08000000   0x08000000   0x00000130   Data   RO          357    RESET               startup_stm32f10x_hd.o
    0x08000130   0x08000130   0x00000008   Code   RO         4824  * !!!main             c_w.l(__main.o)
    0x08000138   0x08000138   0x00000034   Code   RO         5004    !!!scatter          c_w.l(__scatter.o)
    0x0800016c   0x0800016c   0x0000001a   Code   RO         5006    !!handler_copy      c_w.l(__scatter_copy.o)
    0x08000186   0x08000186   0x00000002   PAD
    0x08000188   0x08000188   0x0000001c   Code   RO         5008    !!handler_zi        c_w.l(__scatter_zi.o)
    0x080001a4   0x080001a4   0x00000000   Code   RO         4811    .ARM.Collect$$_printf_percent$$00000000  c_w.l(_printf_percent.o)
    0x080001a4   0x080001a4   0x00000006   Code   RO         4809    .ARM.Collect$$_printf_percent$$00000009  c_w.l(_printf_d.o)
    0x080001aa   0x080001aa   0x00000006   Code   RO         4808    .ARM.Collect$$_printf_percent$$00000014  c_w.l(_printf_s.o)
    0x080001b0   0x080001b0   0x00000004   Code   RO         4839    .ARM.Collect$$_printf_percent$$00000017  c_w.l(_printf_percent_end.o)
    0x080001b4   0x080001b4   0x00000002   Code   RO         4876    .ARM.Collect$$libinit$$00000000  c_w.l(libinit.o)
    0x080001b6   0x080001b6   0x00000000   Code   RO         4883    .ARM.Collect$$libinit$$00000002  c_w.l(libinit2.o)
    0x080001b6   0x080001b6   0x00000000   Code   RO         4885    .ARM.Collect$$libinit$$00000004  c_w.l(libinit2.o)
    0x080001b6   0x080001b6   0x00000000   Code   RO         4888    .ARM.Collect$$libinit$$0000000A  c_w.l(libinit2.o)
    0x080001b6   0x080001b6   0x00000000   Code   RO         4890    .ARM.Collect$$libinit$$0000000C  c_w.l(libinit2.o)
    0x080001b6   0x080001b6   0x00000000   Code   RO         4892    .ARM.Collect$$libinit$$0000000E  c_w.l(libinit2.o)
    0x080001b6   0x080001b6   0x00000000   Code   RO         4895    .ARM.Collect$$libinit$$00000011  c_w.l(libinit2.o)
    0x080001b6   0x080001b6   0x00000000   Code   RO         4897    .ARM.Collect$$libinit$$00000013  c_w.l(libinit2.o)
    0x080001b6   0x080001b6   0x00000000   Code   RO         4899    .ARM.Collect$$libinit$$00000015  c_w.l(libinit2.o)
    0x080001b6   0x080001b6   0x00000000   Code   RO         4901    .ARM.Collect$$libinit$$00000017  c_w.l(libinit2.o)
    0x080001b6   0x080001b6   0x00000000   Code   RO         4903    .ARM.Collect$$libinit$$00000019  c_w.l(libinit2.o)
    0x080001b6   0x080001b6   0x00000000   Code   RO         4905    .ARM.Collect$$libinit$$0000001B  c_w.l(libinit2.o)
    0x080001b6   0x080001b6   0x00000000   Code   RO         4907    .ARM.Collect$$libinit$$0000001D  c_w.l(libinit2.o)
    0x080001b6   0x080001b6   0x00000000   Code   RO         4909    .ARM.Collect$$libinit$$0000001F  c_w.l(libinit2.o)
    0x080001b6   0x080001b6   0x00000000   Code   RO         4911    .ARM.Collect$$libinit$$00000021  c_w.l(libinit2.o)
    0x080001b6   0x080001b6   0x00000000   Code   RO         4913    .ARM.Collect$$libinit$$00000023  c_w.l(libinit2.o)
    0x080001b6   0x080001b6   0x00000000   Code   RO         4915    .ARM.Collect$$libinit$$00000025  c_w.l(libinit2.o)
    0x080001b6   0x080001b6   0x00000000   Code   RO         4919    .ARM.Collect$$libinit$$0000002C  c_w.l(libinit2.o)
    0x080001b6   0x080001b6   0x00000000   Code   RO         4921    .ARM.Collect$$libinit$$0000002E  c_w.l(libinit2.o)
    0x080001b6   0x080001b6   0x00000000   Code   RO         4923    .ARM.Collect$$libinit$$00000030  c_w.l(libinit2.o)
    0x080001b6   0x080001b6   0x00000000   Code   RO         4925    .ARM.Collect$$libinit$$00000032  c_w.l(libinit2.o)
    0x080001b6   0x080001b6   0x00000002   Code   RO         4926    .ARM.Collect$$libinit$$00000033  c_w.l(libinit2.o)
    0x080001b8   0x080001b8   0x00000002   Code   RO         4944    .ARM.Collect$$libshutdown$$00000000  c_w.l(libshutdown.o)
    0x080001ba   0x080001ba   0x00000000   Code   RO         4954    .ARM.Collect$$libshutdown$$00000002  c_w.l(libshutdown2.o)
    0x080001ba   0x080001ba   0x00000000   Code   RO         4956    .ARM.Collect$$libshutdown$$00000004  c_w.l(libshutdown2.o)
    0x080001ba   0x080001ba   0x00000000   Code   RO         4958    .ARM.Collect$$libshutdown$$00000006  c_w.l(libshutdown2.o)
    0x080001ba   0x080001ba   0x00000000   Code   RO         4961    .ARM.Collect$$libshutdown$$00000009  c_w.l(libshutdown2.o)
    0x080001ba   0x080001ba   0x00000000   Code   RO         4964    .ARM.Collect$$libshutdown$$0000000C  c_w.l(libshutdown2.o)
    0x080001ba   0x080001ba   0x00000000   Code   RO         4966    .ARM.Collect$$libshutdown$$0000000E  c_w.l(libshutdown2.o)
    0x080001ba   0x080001ba   0x00000000   Code   RO         4969    .ARM.Collect$$libshutdown$$00000011  c_w.l(libshutdown2.o)
    0x080001ba   0x080001ba   0x00000002   Code   RO         4970    .ARM.Collect$$libshutdown$$00000012  c_w.l(libshutdown2.o)
    0x080001bc   0x080001bc   0x00000000   Code   RO         4828    .ARM.Collect$$rtentry$$00000000  c_w.l(__rtentry.o)
    0x080001bc   0x080001bc   0x00000000   Code   RO         4845    .ARM.Collect$$rtentry$$00000002  c_w.l(__rtentry2.o)
    0x080001bc   0x080001bc   0x00000006   Code   RO         4857    .ARM.Collect$$rtentry$$00000004  c_w.l(__rtentry4.o)
    0x080001c2   0x080001c2   0x00000000   Code   RO         4847    .ARM.Collect$$rtentry$$00000009  c_w.l(__rtentry2.o)
    0x080001c2   0x080001c2   0x00000004   Code   RO         4848    .ARM.Collect$$rtentry$$0000000A  c_w.l(__rtentry2.o)
    0x080001c6   0x080001c6   0x00000000   Code   RO         4850    .ARM.Collect$$rtentry$$0000000C  c_w.l(__rtentry2.o)
    0x080001c6   0x080001c6   0x00000008   Code   RO         4851    .ARM.Collect$$rtentry$$0000000D  c_w.l(__rtentry2.o)
    0x080001ce   0x080001ce   0x00000002   Code   RO         4880    .ARM.Collect$$rtexit$$00000000  c_w.l(rtexit.o)
    0x080001d0   0x080001d0   0x00000000   Code   RO         4928    .ARM.Collect$$rtexit$$00000002  c_w.l(rtexit2.o)
    0x080001d0   0x080001d0   0x00000004   Code   RO         4929    .ARM.Collect$$rtexit$$00000003  c_w.l(rtexit2.o)
    0x080001d4   0x080001d4   0x00000006   Code   RO         4930    .ARM.Collect$$rtexit$$00000004  c_w.l(rtexit2.o)
    0x080001da   0x080001da   0x00000002   PAD
    0x080001dc   0x080001dc   0x00000096   Code   RO         4567    .emb_text           port.o
    0x08000272   0x08000272   0x00000002   PAD
    0x08000274   0x08000274   0x00000040   Code   RO          358  * .text               startup_stm32f10x_hd.o
    0x080002b4   0x080002b4   0x00000002   Code   RO         4771    .text               c_w.l(use_no_semi_2.o)
    0x080002b6   0x080002b6   0x00000002   PAD
    0x080002b8   0x080002b8   0x00000018   Code   RO         4777    .text               c_w.l(noretval__2printf.o)
    0x080002d0   0x080002d0   0x00000028   Code   RO         4779    .text               c_w.l(noretval__2sprintf.o)
    0x080002f8   0x080002f8   0x00000068   Code   RO         4781    .text               c_w.l(__printf.o)
    0x08000360   0x08000360   0x00000052   Code   RO         4783    .text               c_w.l(_printf_str.o)
    0x080003b2   0x080003b2   0x00000002   PAD
    0x080003b4   0x080003b4   0x00000078   Code   RO         4785    .text               c_w.l(_printf_dec.o)
    0x0800042c   0x0800042c   0x0000008a   Code   RO         4816    .text               c_w.l(rt_memcpy_v6.o)
    0x080004b6   0x080004b6   0x00000010   Code   RO         4818    .text               c_w.l(aeabi_memset.o)
    0x080004c6   0x080004c6   0x00000002   PAD
    0x080004c8   0x080004c8   0x00000080   Code   RO         4820    .text               c_w.l(strcmpv7m.o)
    0x08000548   0x08000548   0x00000006   Code   RO         4822    .text               c_w.l(heapauxi.o)
    0x0800054e   0x0800054e   0x00000002   Code   RO         4826    .text               c_w.l(use_no_semi.o)
    0x08000550   0x08000550   0x000000b2   Code   RO         4829    .text               c_w.l(_printf_intcommon.o)
    0x08000602   0x08000602   0x00000002   PAD
    0x08000604   0x08000604   0x00000030   Code   RO         4831    .text               c_w.l(_printf_char_common.o)
    0x08000634   0x08000634   0x0000000a   Code   RO         4833    .text               c_w.l(_sputc.o)
    0x0800063e   0x0800063e   0x0000002c   Code   RO         4835    .text               c_w.l(_printf_char.o)
    0x0800066a   0x0800066a   0x00000002   PAD
    0x0800066c   0x0800066c   0x00000024   Code   RO         4837    .text               c_w.l(_printf_char_file.o)
    0x08000690   0x08000690   0x00000064   Code   RO         4840    .text               c_w.l(rt_memcpy_w.o)
    0x080006f4   0x080006f4   0x00000044   Code   RO         4842    .text               c_w.l(rt_memclr.o)
    0x08000738   0x08000738   0x00000008   Code   RO         4861    .text               c_w.l(ferror.o)
    0x08000740   0x08000740   0x0000004e   Code   RO         4865    .text               c_w.l(rt_memclr_w.o)
    0x0800078e   0x0800078e   0x0000004a   Code   RO         4867    .text               c_w.l(sys_stackheap_outer.o)
    0x080007d8   0x080007d8   0x00000012   Code   RO         4869    .text               c_w.l(exit.o)
    0x080007ea   0x080007ea   0x00000002   PAD
    0x080007ec   0x080007ec   0x00000008   Code   RO         4877    .text               c_w.l(libspace.o)
    0x080007f4   0x080007f4   0x00000038   Code   RO         3540    i.BEEP_Init         beep.o
    0x0800082c   0x0800082c   0x00000004   Code   RO          160    i.BusFault_Handler  stm32f10x_it.o
    0x08000830   0x08000830   0x00000060   Code   RO          265    i.CommandProcess    freertos_demo.o
    0x08000890   0x08000890   0x0000004c   Code   RO         3490    i.DMA1_Channel5_IRQHandler  dma.o
    0x080008dc   0x080008dc   0x0000001c   Code   RO         1088    i.DMA_ClearITPendingBit  stm32f10x_dma.o
    0x080008f8   0x080008f8   0x00000018   Code   RO         1089    i.DMA_Cmd           stm32f10x_dma.o
    0x08000910   0x08000910   0x0000014c   Code   RO         1090    i.DMA_DeInit        stm32f10x_dma.o
    0x08000a5c   0x08000a5c   0x0000002c   Code   RO         1093    i.DMA_GetITStatus   stm32f10x_dma.o
    0x08000a88   0x08000a88   0x00000012   Code   RO         1094    i.DMA_ITConfig      stm32f10x_dma.o
    0x08000a9a   0x08000a9a   0x0000003c   Code   RO         1095    i.DMA_Init          stm32f10x_dma.o
    0x08000ad6   0x08000ad6   0x00000004   Code   RO         1096    i.DMA_SetCurrDataCounter  stm32f10x_dma.o
    0x08000ada   0x08000ada   0x00000002   Code   RO          161    i.DebugMon_Handler  stm32f10x_it.o
    0x08000adc   0x08000adc   0x00000116   Code   RO         1513    i.GPIO_Init         stm32f10x_gpio.o
    0x08000bf2   0x08000bf2   0x00000004   Code   RO         1520    i.GPIO_ResetBits    stm32f10x_gpio.o
    0x08000bf6   0x08000bf6   0x00000004   Code   RO         1521    i.GPIO_SetBits      stm32f10x_gpio.o
    0x08000bfa   0x08000bfa   0x00000004   Code   RO          162    i.HardFault_Handler  stm32f10x_it.o
    0x08000bfe   0x08000bfe   0x00000002   PAD
    0x08000c00   0x08000c00   0x00000010   Code   RO         1825    i.IWDG_Enable       stm32f10x_iwdg.o
    0x08000c10   0x08000c10   0x00000008   Code   RO         3552    i.IWDG_Feed         iwdg.o
    0x08000c18   0x08000c18   0x00000024   Code   RO         3553    i.IWDG_Init         iwdg.o
    0x08000c3c   0x08000c3c   0x00000010   Code   RO         1827    i.IWDG_ReloadCounter  stm32f10x_iwdg.o
    0x08000c4c   0x08000c4c   0x0000000c   Code   RO         1828    i.IWDG_SetPrescaler  stm32f10x_iwdg.o
    0x08000c58   0x08000c58   0x0000000c   Code   RO         1829    i.IWDG_SetReload    stm32f10x_iwdg.o
    0x08000c64   0x08000c64   0x0000000c   Code   RO         1830    i.IWDG_WriteAccessCmd  stm32f10x_iwdg.o
    0x08000c70   0x08000c70   0x0000003c   Code   RO         3471    i.KEY_Init          key.o
    0x08000cac   0x08000cac   0x0000004c   Code   RO         3459    i.LED_Init          led.o
    0x08000cf8   0x08000cf8   0x00000022   Code   RO          266    i.LowerToCap        freertos_demo.o
    0x08000d1a   0x08000d1a   0x00000002   PAD
    0x08000d1c   0x08000d1c   0x00000084   Code   RO         3491    i.MYDMA_Config      dma.o
    0x08000da0   0x08000da0   0x00000024   Code   RO         3492    i.MYDMA_Enable      dma.o
    0x08000dc4   0x08000dc4   0x00000004   Code   RO          163    i.MemManage_Handler  stm32f10x_it.o
    0x08000dc8   0x08000dc8   0x00000002   Code   RO          164    i.NMI_Handler       stm32f10x_it.o
    0x08000dca   0x08000dca   0x00000002   PAD
    0x08000dcc   0x08000dcc   0x00000070   Code   RO          362    i.NVIC_Init         misc.o
    0x08000e3c   0x08000e3c   0x00000014   Code   RO          363    i.NVIC_PriorityGroupConfig  misc.o
    0x08000e50   0x08000e50   0x00000020   Code   RO         1928    i.RCC_AHBPeriphClockCmd  stm32f10x_rcc.o
    0x08000e70   0x08000e70   0x00000020   Code   RO         1931    i.RCC_APB2PeriphClockCmd  stm32f10x_rcc.o
    0x08000e90   0x08000e90   0x000000d4   Code   RO         1939    i.RCC_GetClocksFreq  stm32f10x_rcc.o
    0x08000f64   0x08000f64   0x00000008   Code   RO          231    i.SetSysClock       system_stm32f10x.o
    0x08000f6c   0x08000f6c   0x000000e0   Code   RO          232    i.SetSysClockTo72   system_stm32f10x.o
    0x0800104c   0x0800104c   0x00000028   Code   RO          366    i.SysTick_CLKSourceConfig  misc.o
    0x08001074   0x08001074   0x00000010   Code   RO         3408    i.SysTick_Handler   delay.o
    0x08001084   0x08001084   0x00000060   Code   RO          234    i.SystemInit        system_stm32f10x.o
    0x080010e4   0x080010e4   0x00000150   Code   RO          267    i.TASK1             freertos_demo.o
    0x08001234   0x08001234   0x0000014c   Code   RO          268    i.TASK2             freertos_demo.o
    0x08001380   0x08001380   0x00000064   Code   RO          269    i.TASK3             freertos_demo.o
    0x080013e4   0x080013e4   0x000000c8   Code   RO         3357    i.USART1_IRQHandler  usart.o
    0x080014ac   0x080014ac   0x00000018   Code   RO         3099    i.USART_Cmd         stm32f10x_usart.o
    0x080014c4   0x080014c4   0x00000012   Code   RO         3100    i.USART_DMACmd      stm32f10x_usart.o
    0x080014d6   0x080014d6   0x00000054   Code   RO         3103    i.USART_GetITStatus  stm32f10x_usart.o
    0x0800152a   0x0800152a   0x0000004a   Code   RO         3105    i.USART_ITConfig    stm32f10x_usart.o
    0x08001574   0x08001574   0x000000d8   Code   RO         3106    i.USART_Init        stm32f10x_usart.o
    0x0800164c   0x0800164c   0x0000000a   Code   RO         3113    i.USART_ReceiveData  stm32f10x_usart.o
    0x08001656   0x08001656   0x00000004   Code   RO          165    i.UsageFault_Handler  stm32f10x_it.o
    0x0800165a   0x0800165a   0x00000004   Code   RO         3358    i._sys_exit         usart.o
    0x0800165e   0x0800165e   0x00000052   Code   RO         3522    i.crc16Modbus       crc.o
    0x080016b0   0x080016b0   0x0000005c   Code   RO         3409    i.delay_init        delay.o
    0x0800170c   0x0800170c   0x0000001c   Code   RO         3359    i.fputc             usart.o
    0x08001728   0x08001728   0x00000088   Code   RO          270    i.freertos_demo     freertos_demo.o
    0x080017b0   0x080017b0   0x00000034   Code   RO            1    i.main              main.o
    0x080017e4   0x080017e4   0x0000006c   Code   RO         4699    i.my_mem_free       malloc.o
    0x08001850   0x08001850   0x00000044   Code   RO         4700    i.my_mem_init       malloc.o
    0x08001894   0x08001894   0x000000a8   Code   RO         4701    i.my_mem_malloc     malloc.o
    0x0800193c   0x0800193c   0x00000040   Code   RO         4702    i.my_mem_perused    malloc.o
    0x0800197c   0x0800197c   0x00000024   Code   RO         4703    i.myfree            malloc.o
    0x080019a0   0x080019a0   0x00000028   Code   RO         4704    i.mymalloc          malloc.o
    0x080019c8   0x080019c8   0x0000001a   Code   RO         4705    i.mymemcpy          malloc.o
    0x080019e2   0x080019e2   0x00000014   Code   RO         4706    i.mymemset          malloc.o
    0x080019f6   0x080019f6   0x00000002   PAD
    0x080019f8   0x080019f8   0x00000044   Code   RO         4707    i.myrealloc         malloc.o
    0x08001a3c   0x08001a3c   0x000000cc   Code   RO         3992    i.prvAddCurrentTaskToDelayedList  tasks.o
    0x08001b08   0x08001b08   0x000000ec   Code   RO         3993    i.prvAddNewTaskToReadyList  tasks.o
    0x08001bf4   0x08001bf4   0x00000064   Code   RO         4405    i.prvCheckForValidListAndQueue  timers.o
    0x08001c58   0x08001c58   0x00000048   Code   RO         3994    i.prvCheckTasksWaitingTermination  tasks.o
    0x08001ca0   0x08001ca0   0x0000002a   Code   RO         3739    i.prvCopyDataFromQueue  queue.o
    0x08001cca   0x08001cca   0x0000007e   Code   RO         3740    i.prvCopyDataToQueue  queue.o
    0x08001d48   0x08001d48   0x00000012   Code   RO         3995    i.prvDeleteTCB      tasks.o
    0x08001d5a   0x08001d5a   0x00000014   Code   RO         3741    i.prvGetDisinheritPriorityAfterTimeout  queue.o
    0x08001d6e   0x08001d6e   0x00000002   PAD
    0x08001d70   0x08001d70   0x00000028   Code   RO         4406    i.prvGetNextExpireTime  timers.o
    0x08001d98   0x08001d98   0x0000007c   Code   RO         4644    i.prvHeapInit       heap_4.o
    0x08001e14   0x08001e14   0x00000028   Code   RO         3996    i.prvIdleTask       tasks.o
    0x08001e3c   0x08001e3c   0x0000002e   Code   RO         3743    i.prvInitialiseNewQueue  queue.o
    0x08001e6a   0x08001e6a   0x00000002   PAD
    0x08001e6c   0x08001e6c   0x000000f4   Code   RO         3997    i.prvInitialiseNewTask  tasks.o
    0x08001f60   0x08001f60   0x00000068   Code   RO         3998    i.prvInitialiseTaskLists  tasks.o
    0x08001fc8   0x08001fc8   0x00000068   Code   RO         4645    i.prvInsertBlockIntoFreeList  heap_4.o
    0x08002030   0x08002030   0x00000058   Code   RO         4408    i.prvInsertTimerInActiveList  timers.o
    0x08002088   0x08002088   0x0000001a   Code   RO         3744    i.prvIsQueueEmpty   queue.o
    0x080020a2   0x080020a2   0x0000001e   Code   RO         3745    i.prvIsQueueFull    queue.o
    0x080020c0   0x080020c0   0x000000b4   Code   RO         3746    i.prvNotifyQueueSetContainer  queue.o
    0x08002174   0x08002174   0x00000044   Code   RO         4409    i.prvProcessExpiredTimer  timers.o
    0x080021b8   0x080021b8   0x00000160   Code   RO         4410    i.prvProcessReceivedCommands  timers.o
    0x08002318   0x08002318   0x00000074   Code   RO         4411    i.prvProcessTimerOrBlockTask  timers.o
    0x0800238c   0x0800238c   0x00000028   Code   RO         4412    i.prvReloadTimer    timers.o
    0x080023b4   0x080023b4   0x00000030   Code   RO         4000    i.prvResetNextTaskUnblockTime  tasks.o
    0x080023e4   0x080023e4   0x0000002c   Code   RO         4413    i.prvSampleTimeNow  timers.o
    0x08002410   0x08002410   0x00000044   Code   RO         4414    i.prvSwitchTimerLists  timers.o
    0x08002454   0x08002454   0x00000070   Code   RO         4568    i.prvTaskExitError  port.o
    0x080024c4   0x080024c4   0x0000001e   Code   RO         3582    i.prvTestWaitCondition  event_groups.o
    0x080024e2   0x080024e2   0x0000001a   Code   RO         4415    i.prvTimerTask      timers.o
    0x080024fc   0x080024fc   0x00000090   Code   RO         3747    i.prvUnlockQueue    queue.o
    0x0800258c   0x0800258c   0x00000180   Code   RO         4646    i.pvPortMalloc      heap_4.o
    0x0800270c   0x0800270c   0x00000020   Code   RO         4005    i.pvTaskIncrementMutexHeldCount  tasks.o
    0x0800272c   0x0800272c   0x00000024   Code   RO         4569    i.pxPortInitialiseStack  port.o
    0x08002750   0x08002750   0x000000ac   Code   RO          271    i.start_task        freertos_demo.o
    0x080027fc   0x080027fc   0x000000b4   Code   RO         3360    i.uart_init         usart.o
    0x080028b0   0x080028b0   0x00000028   Code   RO         3699    i.uxListRemove      list.o
    0x080028d8   0x080028d8   0x0000001c   Code   RO         4014    i.uxTaskResetEventItemValue  tasks.o
    0x080028f4   0x080028f4   0x0000001a   Code   RO         3700    i.vListInitialise   list.o
    0x0800290e   0x0800290e   0x00000006   Code   RO         3701    i.vListInitialiseItem  list.o
    0x08002914   0x08002914   0x00000034   Code   RO         3702    i.vListInsert       list.o
    0x08002948   0x08002948   0x00000018   Code   RO         3703    i.vListInsertEnd    list.o
    0x08002960   0x08002960   0x00000088   Code   RO         4571    i.vPortEnterCritical  port.o
    0x080029e8   0x080029e8   0x00000070   Code   RO         4572    i.vPortExitCritical  port.o
    0x08002a58   0x08002a58   0x000000c8   Code   RO         4647    i.vPortFree         heap_4.o
    0x08002b20   0x08002b20   0x0000002c   Code   RO         4573    i.vPortSetupTimerInterrupt  port.o
    0x08002b4c   0x08002b4c   0x000000a0   Code   RO         4574    i.vPortValidateInterruptPriority  port.o
    0x08002bec   0x08002bec   0x0000007c   Code   RO         3753    i.vQueueAddToRegistry  queue.o
    0x08002c68   0x08002c68   0x0000004a   Code   RO         3757    i.vQueueWaitForMessageRestricted  queue.o
    0x08002cb2   0x08002cb2   0x00000002   PAD
    0x08002cb4   0x08002cb4   0x00000114   Code   RO         4016    i.vTaskDelete       tasks.o
    0x08002dc8   0x08002dc8   0x00000018   Code   RO         4020    i.vTaskInternalSetTimeOutState  tasks.o
    0x08002de0   0x08002de0   0x0000000c   Code   RO         4022    i.vTaskMissedYield  tasks.o
    0x08002dec   0x08002dec   0x00000054   Code   RO         4023    i.vTaskPlaceOnEventList  tasks.o
    0x08002e40   0x08002e40   0x0000007c   Code   RO         4024    i.vTaskPlaceOnEventListRestricted  tasks.o
    0x08002ebc   0x08002ebc   0x000000a0   Code   RO         4025    i.vTaskPlaceOnUnorderedEventList  tasks.o
    0x08002f5c   0x08002f5c   0x00000128   Code   RO         4026    i.vTaskPriorityDisinheritAfterTimeout  tasks.o
    0x08003084   0x08003084   0x00000120   Code   RO         4028    i.vTaskRemoveFromUnorderedEventList  tasks.o
    0x080031a4   0x080031a4   0x000000b4   Code   RO         4032    i.vTaskStartScheduler  tasks.o
    0x08003258   0x08003258   0x00000010   Code   RO         4034    i.vTaskSuspendAll   tasks.o
    0x08003268   0x08003268   0x000000a8   Code   RO         4035    i.vTaskSwitchContext  tasks.o
    0x08003310   0x08003310   0x0000001a   Code   RO         3590    i.xEventGroupCreate  event_groups.o
    0x0800332a   0x0800332a   0x00000002   PAD
    0x0800332c   0x0800332c   0x000000e8   Code   RO         3592    i.xEventGroupSetBits  event_groups.o
    0x08003414   0x08003414   0x0000015c   Code   RO         3595    i.xEventGroupWaitBits  event_groups.o
    0x08003570   0x08003570   0x00000140   Code   RO         4575    i.xPortStartScheduler  port.o
    0x080036b0   0x080036b0   0x00000034   Code   RO         4576    i.xPortSysTickHandler  port.o
    0x080036e4   0x080036e4   0x00000080   Code   RO         3762    i.xQueueGenericCreate  queue.o
    0x08003764   0x08003764   0x000000ec   Code   RO         3763    i.xQueueGenericReset  queue.o
    0x08003850   0x08003850   0x000001d4   Code   RO         3764    i.xQueueGenericSend  queue.o
    0x08003a24   0x08003a24   0x00000114   Code   RO         3766    i.xQueueGiveFromISR  queue.o
    0x08003b38   0x08003b38   0x00000170   Code   RO         3772    i.xQueueReceive     queue.o
    0x08003ca8   0x08003ca8   0x000001b4   Code   RO         3777    i.xQueueSemaphoreTake  queue.o
    0x08003e5c   0x08003e5c   0x000000bc   Code   RO         4038    i.xTaskCheckForTimeOut  tasks.o
    0x08003f18   0x08003f18   0x00000060   Code   RO         4039    i.xTaskCreate       tasks.o
    0x08003f78   0x08003f78   0x00000020   Code   RO         4048    i.xTaskGetSchedulerState  tasks.o
    0x08003f98   0x08003f98   0x0000000c   Code   RO         4049    i.xTaskGetTickCount  tasks.o
    0x08003fa4   0x08003fa4   0x000001d4   Code   RO         4051    i.xTaskIncrementTick  tasks.o
    0x08004178   0x08004178   0x00000100   Code   RO         4052    i.xTaskPriorityDisinherit  tasks.o
    0x08004278   0x08004278   0x000000ec   Code   RO         4053    i.xTaskPriorityInherit  tasks.o
    0x08004364   0x08004364   0x0000013c   Code   RO         4054    i.xTaskRemoveFromEventList  tasks.o
    0x080044a0   0x080044a0   0x00000190   Code   RO         4055    i.xTaskResumeAll    tasks.o
    0x08004630   0x08004630   0x00000074   Code   RO         4423    i.xTimerCreateTimerTask  timers.o
    0x080046a4   0x080046a4   0x00000018   Data   RO         4711    .constdata          malloc.o
    0x080046bc   0x080046bc   0x00000020   Data   RO         5002    Region$$Table       anon$$obj.o


    Execution Region ER_RW (Exec base: 0x20000000, Load base: 0x080046dc, Size: 0x0000010c, Max: 0xffffffff, ABSOLUTE)

    Exec Addr    Load Addr    Size         Type   Attr      Idx    E Section Name        Object

    0x20000000   0x080046dc   0x00000014   Data   RW          235    .data               system_stm32f10x.o
    0x20000014   0x080046f0   0x00000028   Data   RW          272    .data               freertos_demo.o
    0x2000003c   0x08004718   0x00000014   Data   RW         1959    .data               stm32f10x_rcc.o
    0x20000050   0x0800472c   0x0000000e   Data   RW         3362    .data               usart.o
    0x2000005e   0x0800473a   0x00000004   Data   RW         3413    .data               delay.o
    0x20000062   0x0800473e   0x00000002   PAD
    0x20000064   0x08004740   0x0000000c   Data   RW         3494    .data               dma.o
    0x20000070   0x0800474c   0x00000040   Data   RW         4058    .data               tasks.o
    0x200000b0   0x0800478c   0x00000014   Data   RW         4432    .data               timers.o
    0x200000c4   0x080047a0   0x0000000c   Data   RW         4577    .data               port.o
    0x200000d0   0x080047ac   0x00000020   Data   RW         4653    .data               heap_4.o
    0x200000f0   0x080047cc   0x0000001c   Data   RW         4712    .data               malloc.o


    Execution Region ER_ZI (Exec base: 0x2000010c, Load base: 0x080047e8, Size: 0x000087b4, Max: 0xffffffff, ABSOLUTE)

    Exec Addr    Load Addr    Size         Type   Attr      Idx    E Section Name        Object

    0x2000010c        -       0x000000c8   Zero   RW         3361    .bss                usart.o
    0x200001d4        -       0x0000002c   Zero   RW         3493    .bss                dma.o
    0x20000200        -       0x00000040   Zero   RW         3779    .bss                queue.o
    0x20000240        -       0x000002e4   Zero   RW         4057    .bss                tasks.o
    0x20000524        -       0x00000028   Zero   RW         4431    .bss                timers.o
    0x2000054c        -       0x00002800   Zero   RW         4652    .bss                heap_4.o
    0x20002d4c   0x080047e8   0x00000014   PAD
    0x20002d60        -       0x00005500   Zero   RW         4710    .bss                malloc.o
    0x20008260        -       0x00000060   Zero   RW         4878    .bss                c_w.l(libspace.o)
    0x200082c0        -       0x00000200   Zero   RW          356    HEAP                startup_stm32f10x_hd.o
    0x200084c0        -       0x00000400   Zero   RW          355    STACK               startup_stm32f10x_hd.o



  Load Region LR$$.ARM.__AT_0x68000000 (Base: 0x68000000, Size: 0x00000000, Max: 0x000f0000, ABSOLUTE)

    Execution Region ER$$.ARM.__AT_0x68000000 (Exec base: 0x68000000, Load base: 0x68000000, Size: 0x000f0000, Max: 0x000f0000, ABSOLUTE, UNINIT)

    Exec Addr    Load Addr    Size         Type   Attr      Idx    E Section Name        Object

    0x68000000        -       0x000f0000   Zero   RW         4708    .ARM.__AT_0x68000000  malloc.o



  Load Region LR$$.ARM.__AT_0x680F0000 (Base: 0x680f0000, Size: 0x00000000, Max: 0x0000f000, ABSOLUTE)

    Execution Region ER$$.ARM.__AT_0x680F0000 (Exec base: 0x680f0000, Load base: 0x680f0000, Size: 0x0000f000, Max: 0x0000f000, ABSOLUTE, UNINIT)

    Exec Addr    Load Addr    Size         Type   Attr      Idx    E Section Name        Object

    0x680f0000        -       0x0000f000   Zero   RW         4709    .ARM.__AT_0x680F0000  malloc.o


==============================================================================

Image component sizes


      Code (inc. data)   RO Data    RW Data    ZI Data      Debug   Object Name

        56          6          0          0          0        460   beep.o
         0          0          0          0          0         32   core_cm3.o
        82          0          0          0          0       1094   crc.o
       108         18          0          4          0       1079   delay.o
       244         38          0         12         44       2460   dma.o
       636         96          0          0          0      18943   event_groups.o
      1206        380          0         40          0      10375   freertos_demo.o
       812        186          0         32      10240       3771   heap_4.o
        44          0          0          0          0        944   iwdg.o
        60          8          0          0          0        467   key.o
        76          8          0          0          0        471   led.o
       148          0          0          0          0       2930   list.o
        52          0          0          0          0     256695   main.o
       598         64         24         28    1066240       6968   malloc.o
       172         22          0          0          0       1933   misc.o
      1122        380          0         12          0       9741   port.o
      2724        318          0          0         64      16445   queue.o
        64         26        304          0       1536        768   startup_stm32f10x_hd.o
       510         26          0          0          0       5456   stm32f10x_dma.o
       286          0          0          0          0       2912   stm32f10x_gpio.o
        20          0          0          0          0       2305   stm32f10x_it.o
        68         30          0          0          0       2330   stm32f10x_iwdg.o
       276         32          0         20          0       4281   stm32f10x_rcc.o
       426          6          0          0          0       5373   stm32f10x_usart.o
       328         28          0         20          0       1937   system_stm32f10x.o
      4658        960          0         64        740      35215   tasks.o
      1058        190          0         20         40      10308   timers.o
       412         44          0         14        200       4330   usart.o

    ----------------------------------------------------------------------
     16264       2866        360        268    1079124     410023   Object Totals
         0          0         32          0          0          0   (incl. Generated)
        18          0          0          2         20          0   (incl. Padding)

    ----------------------------------------------------------------------

      Code (inc. data)   RO Data    RW Data    ZI Data      Debug   Library Member Name

         8          0          0          0          0         68   __main.o
       104          0          0          0          0         84   __printf.o
         0          0          0          0          0          0   __rtentry.o
        12          0          0          0          0          0   __rtentry2.o
         6          0          0          0          0          0   __rtentry4.o
        52          8          0          0          0          0   __scatter.o
        26          0          0          0          0          0   __scatter_copy.o
        28          0          0          0          0          0   __scatter_zi.o
        44          0          0          0          0        108   _printf_char.o
        48          6          0          0          0         96   _printf_char_common.o
        36          4          0          0          0         80   _printf_char_file.o
         6          0          0          0          0          0   _printf_d.o
       120         16          0          0          0         92   _printf_dec.o
       178          0          0          0          0         88   _printf_intcommon.o
         0          0          0          0          0          0   _printf_percent.o
         4          0          0          0          0          0   _printf_percent_end.o
         6          0          0          0          0          0   _printf_s.o
        82          0          0          0          0         80   _printf_str.o
        10          0          0          0          0         68   _sputc.o
        16          0          0          0          0         68   aeabi_memset.o
        18          0          0          0          0         80   exit.o
         8          0          0          0          0         68   ferror.o
         6          0          0          0          0        152   heapauxi.o
         2          0          0          0          0          0   libinit.o
         2          0          0          0          0          0   libinit2.o
         2          0          0          0          0          0   libshutdown.o
         2          0          0          0          0          0   libshutdown2.o
         8          4          0          0         96         68   libspace.o
        24          4          0          0          0         84   noretval__2printf.o
        40          6          0          0          0         84   noretval__2sprintf.o
        68          0          0          0          0         68   rt_memclr.o
        78          0          0          0          0         80   rt_memclr_w.o
       138          0          0          0          0         68   rt_memcpy_v6.o
       100          0          0          0          0         80   rt_memcpy_w.o
         2          0          0          0          0          0   rtexit.o
        10          0          0          0          0          0   rtexit2.o
       128          0          0          0          0         68   strcmpv7m.o
        74          0          0          0          0         80   sys_stackheap_outer.o
         2          0          0          0          0         68   use_no_semi.o
         2          0          0          0          0         68   use_no_semi_2.o

    ----------------------------------------------------------------------
      1516         48          0          0         96       1948   Library Totals
        16          0          0          0          0          0   (incl. Padding)

    ----------------------------------------------------------------------

      Code (inc. data)   RO Data    RW Data    ZI Data      Debug   Library Name

      1500         48          0          0         96       1948   c_w.l

    ----------------------------------------------------------------------
      1516         48          0          0         96       1948   Library Totals

    ----------------------------------------------------------------------

==============================================================================


      Code (inc. data)   RO Data    RW Data    ZI Data      Debug   

     17780       2914        360        268    1079220     403543   Grand Totals
     17780       2914        360        268    1079220     403543   ELF Image Totals
     17780       2914        360        268          0          0   ROM Totals

==============================================================================

    Total RO  Size (Code + RO Data)                18140 (  17.71kB)
    Total RW  Size (RW Data + ZI Data)           1079488 (1054.19kB)
    Total ROM Size (Code + RO Data + RW Data)      18408 (  17.98kB)

==============================================================================

